<html>
<body>
<pre>
<h1>µVision Build Log</h1>
<h2>Tool Versions:</h2>
IDE-Version: ¦ÌVision V5.23.0.0
Copyright (C) 2017 ARM Ltd and ARM Germany GmbH. All rights reserved.
License Information: shelhuei zhang, bit, LIC=0VRDY-IIECM-AVH1J-UHXX5-DDAAE-28KHZ
 
Tool Versions:
Toolchain:       MDK-ARM Professional  Version: 5.23
Toolchain Path:  C:\Keil_v5\ARM\ARMCC\Bin
C Compiler:      Armcc.exe V5.06 update 4 (build 422)
Assembler:       Armasm.exe V5.06 update 4 (build 422)
Linker/Locator:  ArmLink.exe V5.06 update 4 (build 422)
Library Manager: ArmAr.exe V5.06 update 4 (build 422)
Hex Converter:   FromElf.exe V5.06 update 4 (build 422)
CPU DLL:         SARMCM3.DLL V5.23
Dialog DLL:      DCM.DLL V1.15.0.0
Target DLL:      STLink\ST-LINKIII-KEIL_SWO.dll V2.0.18.0
Dialog DLL:      TCM.DLL V1.27.0.0
 
<h2>Project:</h2>
C:\Users\shelh\Desktop\Exp-1\USER\PV_B.uvprojx
Project File Date:  06/27/2019

<h2>Output:</h2>
*** Using Compiler 'V5.06 update 4 (build 422)', folder: 'C:\Keil_v5\ARM\ARMCC\Bin'
Rebuild target 'PVB'
assembling startup_stm32f767xx.s...
compiling sys.c...
compiling stm32f7xx_it.c...
compiling stm32f7xx_hal.c...
compiling main.c...
compiling usart.c...
compiling system_stm32f7xx.c...
compiling sdram.c...
compiling delay.c...
compiling stm32f7xx_hal_cortex.c...
compiling stm32f7xx_hal_gpio.c...
compiling stm32f7xx_hal_pwr.c...
compiling stm32f7xx_hal_pwr_ex.c...
compiling stm32f7xx_hal_uart.c...
compiling stm32f7xx_hal_usart.c...
compiling stm32f7xx_hal_rcc.c...
compiling stm32f7xx_hal_rcc_ex.c...
compiling stm32f7xx_hal_dma.c...
compiling stm32f7xx_hal_cec.c...
compiling stm32f7xx_hal_can.c...
compiling stm32f7xx_hal_adc_ex.c...
compiling stm32f7xx_hal_adc.c...
compiling stm32f7xx_hal_tim_ex.c...
compiling stm32f7xx_hal_dma_ex.c...
compiling stm32f7xx_hal_tim.c...
compiling timer.c...
compiling stm32f7xx_hal_ltdc.c...
compiling stm32f7xx_ll_fmc.c...
compiling spi.c...
compiling led.c...
compiling stm32f7xx_hal_sram.c...
compiling stm32f7xx_hal_ltdc_ex.c...
compiling stm32f7xx_hal_sdram.c...
compiling adc.c...
compiling can.c...
..\HARDWARE\CAN\can.c(162): warning:  #550-D: variable "res"  was set but never used
  	u8 res;
..\HARDWARE\CAN\can.c(209): warning:  #1035-D: single-precision operand implicitly converted to double-precision
  			Data_CAN->Current_out_DC=(float)DC_out_I*0.1;
..\HARDWARE\CAN\can.c(210): warning:  #1035-D: single-precision operand implicitly converted to double-precision
  			Data_CAN->Current_in_DC=(float)DC_in_I*0.1;
..\HARDWARE\CAN\can.c(217): warning:  #1035-D: single-precision operand implicitly converted to double-precision
  			Data_CAN->Voltage_in_DC=(float)DC_in_U*0.01;
..\HARDWARE\CAN\can.c(218): warning:  #1035-D: single-precision operand implicitly converted to double-precision
  			Data_CAN->Voltage_out_DC=(float)DC_out_U*0.01;
..\HARDWARE\CAN\can.c(219): warning:  #1035-D: single-precision operand implicitly converted to double-precision
  			Data_CAN->Temp_DC=(float)DC_Temp*0.1;
..\HARDWARE\CAN\can.c: 6 warnings, 0 errors
compiling ltdc.c...
compiling lcd.c...
linking...
Program Size: Code=42648 RO-data=18800 RW-data=56 ZI-data=2050160  
FromELF: creating hex file...
"..\OBJ\PV_B.axf" - 0 Error(s), 6 Warning(s).

<h2>Collection of Component include folders:</h2>
  .\RTE\_PVB
  C:\Keil_v5\ARM\PACK\Keil\STM32F7xx_DFP\2.9.0\Drivers\CMSIS\Device\ST\STM32F7xx\Include

<h2>Collection of Component Files used:</h2>
Build Time Elapsed:  00:01:02
</pre>
</body>
</html>
