<html>
<body>
<pre>
<h1>礦ision Build Log</h1>
<h2>Tool Versions:</h2>
IDE-Version: μVision V5.21.1.0
Copyright (C) 2016 ARM Ltd and ARM Germany GmbH. All rights reserved.
License Information: q q, q, LIC=SDA01-CX77D-Y8IFK-Z8Y56-3UTXU-3A44Y
 
Tool Versions:
Toolchain:       MDK-ARM Plus  Version: 5.21a
Toolchain Path:  D:\miuvision\mdk\ARM\ARMCC\Bin
C Compiler:      Armcc.exe V5.06 update 3 (build 300)
Assembler:       Armasm.exe V5.06 update 3 (build 300)
Linker/Locator:  ArmLink.exe V5.06 update 3 (build 300)
Library Manager: ArmAr.exe V5.06 update 3 (build 300)
Hex Converter:   FromElf.exe V5.06 update 3 (build 300)
CPU DLL:         SARMCM3.DLL V5.21a
Dialog DLL:      DCM.DLL V1.13.8.0
Target DLL:      STLink\ST-LINKIII-KEIL_SWO.dll V2.0.18.0
Dialog DLL:      TCM.DLL V1.14.14.0
 
<h2>Project:</h2>
g:\Innovation and Entrepreneurship\Research on online control method of optimal power output for pure solar UAV\code\exp5all\Exp5test\USER\PV_B.uvprojx
Project File Date:  04/17/2022

<h2>Output:</h2>
*** Using Compiler 'V5.06 update 3 (build 300)', folder: 'D:\miuvision\mdk\ARM\ARMCC\Bin'
Rebuild target 'PVB'
assembling startup_stm32f767xx.s...
compiling stm32f7xx_hal_pwr.c...
compiling stm32f7xx_hal_cortex.c...
compiling sys.c...
compiling stm32f7xx_hal_gpio.c...
compiling stm32f7xx_it.c...
compiling main.c...
..\HARDWARE\ACC\acc.h(18): warning:  #1295-D: Deprecated declaration initialize_val - give arg types
  void initialize_val(); //??始化??量
..\HARDWARE\ACC\acc.h(19): warning:  #1295-D: Deprecated declaration jud_P - give arg types
  u16 jud_P();		   //?哦鄄夥?
..\HARDWARE\ACC\acc.h(20): warning:  #1295-D: Deprecated declaration get_P - give arg types
  float get_P();		   //??取??压???鳎??愎???
main.c(37): warning:  #177-D: variable "i" was declared but never referenced
  	int i;
main.c(39): warning:  #177-D: variable "temp" was declared but never referenced
  	float temp;
main.c(41): warning:  #177-D: variable "TIM3_dt" was declared but never referenced
  	float TIM3_dt = 1, TIM2_dt = 0.5;
main.c(42): warning:  #177-D: variable "TIM3_tim" was declared but never referenced
  	double TIM3_tim = 0, TIM2_tim = 0;
main.c(43): warning:  #177-D: variable "n3" was declared but never referenced
  	u32 n3 = 0, n2 = 0;
main.c(45): warning:  #177-D: variable "t1" was declared but never referenced
  	u32 t1 = 0;
main.c(48): warning:  #177-D: variable "Voltage" was declared but never referenced
  	float Voltage = 0;
main.c(49): warning:  #177-D: variable "Current" was declared but never referenced
  	float Current;
main.c(50): warning:  #177-D: variable "Power1" was declared but never referenced
  	float Power1;
main.c(51): warning:  #177-D: variable "ThrottleDuty" was declared but never referenced
  	u16 ThrottleDuty = 0;
main.c: 13 warnings, 0 errors
compiling usart.c...
compiling delay.c...
compiling stm32f7xx_hal.c...
compiling system_stm32f7xx.c...
compiling stm32f7xx_hal_pwr_ex.c...
compiling stm32f7xx_hal_dma_ex.c...
compiling stm32f7xx_hal_dma.c...
compiling stm32f7xx_hal_adc.c...
compiling stm32f7xx_hal_can.c...
compiling stm32f7xx_hal_tim.c...
compiling stm32f7xx_hal_tim_ex.c...
compiling stm32f7xx_hal_usart.c...
compiling stm32f7xx_hal_cec.c...
compiling stm32f7xx_hal_uart.c...
compiling stm32f7xx_hal_rcc.c...
compiling stm32f7xx_hal_rcc_ex.c...
compiling stm32f7xx_hal_sdram.c...
compiling led.c...
compiling stm32f7xx_hal_dac.c...
compiling stm32f7xx_ll_fmc.c...
compiling stm32f7xx_ll_usb.c...
compiling stm32f7xx_hal_sram.c...
compiling stm32f7xx_hal_ltdc_ex.c...
compiling stm32f7xx_hal_dac_ex.c...
compiling stm32f7xx_hal_adc_ex.c...
compiling stm32f7xx_hal_ltdc.c...
compiling stm32f7xx_hal_spi.c...
compiling adc.c...
..\HARDWARE\ADC\adc.c(52): warning:  #177-D: variable "temp" was declared but never referenced
  		u16 temp;
..\HARDWARE\ADC\adc.c: 1 warning, 0 errors
compiling sdram.c...
compiling dac.c...
compiling irr.c...
..\HARDWARE\IRR\irr.c(35): warning:  #177-D: variable "i" was declared but never referenced
  	int i;
..\HARDWARE\IRR\irr.c: 1 warning, 0 errors
compiling hil.c...
compiling acc.c...
..\HARDWARE\ACC\acc.h(18): warning:  #1295-D: Deprecated declaration initialize_val - give arg types
  void initialize_val(); //??始化??量
..\HARDWARE\ACC\acc.h(19): warning:  #1295-D: Deprecated declaration jud_P - give arg types
  u16 jud_P();		   //?哦鄄夥?
..\HARDWARE\ACC\acc.h(20): warning:  #1295-D: Deprecated declaration get_P - give arg types
  float get_P();		   //??取??压???鳎??愎???
..\HARDWARE\ACC\acc.c(35): warning:  #177-D: variable "acc_temp_temp" was declared but never referenced
  	u16 acc_temp_temp;
..\HARDWARE\ACC\acc.c: 4 warnings, 0 errors
compiling timer.c...
compiling ltdc.c...
compiling spi.c...
compiling can.c...
..\HARDWARE\CAN\can.c(162): warning:  #550-D: variable "res" was set but never used
  	u8 res;
..\HARDWARE\CAN\can.c(209): warning:  #1035-D: single-precision operand implicitly converted to double-precision
  			Data_CAN->Current_out_DC=(float)DC_out_I*0.1;
..\HARDWARE\CAN\can.c(210): warning:  #1035-D: single-precision operand implicitly converted to double-precision
  			Data_CAN->Current_in_DC=(float)DC_in_I*0.1;
..\HARDWARE\CAN\can.c(217): warning:  #1035-D: single-precision operand implicitly converted to double-precision
  			Data_CAN->Voltage_in_DC=(float)DC_in_U*0.01;
..\HARDWARE\CAN\can.c(218): warning:  #1035-D: single-precision operand implicitly converted to double-precision
  			Data_CAN->Voltage_out_DC=(float)DC_out_U*0.01;
..\HARDWARE\CAN\can.c(219): warning:  #1035-D: single-precision operand implicitly converted to double-precision
  			Data_CAN->Temp_DC=(float)DC_Temp*0.1;
..\HARDWARE\CAN\can.c: 6 warnings, 0 errors
compiling lcd.c...
compiling key.c...
linking...
Program Size: Code=42572 RO-data=18800 RW-data=48 ZI-data=2050384  
FromELF: creating hex file...
"..\OBJ\LED.axf" - 0 Error(s), 25 Warning(s).

<h2>Collection of Component include folders:</h2>
  g:\Innovation and Entrepreneurship\Research on online control method of optimal power output for pure solar UAV\code\exp5all\Exp5test\USER\RTE
  D:\miuvision\mdk\ARM\PACK\Keil\STM32F7xx_DFP\2.14.1\Drivers\CMSIS\Device\ST\STM32F7xx\Include

<h2>Collection of Component Files used:</h2>
Build Time Elapsed:  00:00:32
</pre>
</body>
</html>
