Component: ARM Compiler 5.06 update 4 (build 422) Tool: armlink [4d35d2]

==============================================================================

Section Cross References

    main.o(i.main) refers to sys.o(i.Cache_Enable) for Cache_Enable
    main.o(i.main) refers to stm32f7xx_hal.o(i.HAL_Init) for HAL_Init
    main.o(i.main) refers to sys.o(i.Stm32_Clock_Init) for Stm32_Clock_Init
    main.o(i.main) refers to delay.o(i.delay_init) for delay_init
    main.o(i.main) refers to usart.o(i.uart_init) for uart_init
    main.o(i.main) refers to usart.o(i.uart2_init) for uart2_init
    main.o(i.main) refers to led.o(i.LED_Init) for LED_Init
    main.o(i.main) refers to lcd.o(i.LCD_Init) for LCD_Init
    main.o(i.main) refers to timer.o(i.TIM3_Init) for TIM3_Init
    main.o(i.main) refers to spi.o(i.SPI_Init) for SPI_Init
    main.o(i.main) refers to adc.o(i.MY_ADC_Init) for MY_ADC_Init
    main.o(i.main) refers to can.o(i.CAN1_Mode_Init) for CAN1_Mode_Init
    main.o(i.main) refers to can.o(i.DCDC_CAN_Init) for DCDC_CAN_Init
    main.o(i.main) refers to delay.o(i.delay_ms) for delay_ms
    main.o(i.main) refers to lcd.o(i.LCD_Auto_Placement) for LCD_Auto_Placement
    main.o(i.main) refers to printfa.o(i.__0printf) for __2printf
    main.o(i.main) refers to stm32f7xx_hal_gpio.o(i.HAL_GPIO_TogglePin) for HAL_GPIO_TogglePin
    main.o(i.main) refers to lcd.o(i.LCD_FLOAT_Show) for LCD_FLOAT_Show
    main.o(i.main) refers to lcd.o(.data) for POINT_COLOR
    main.o(i.main) refers to can.o(.bss) for DCDC
    main.o(i.main) refers to timer.o(.data) for TIM3_FLAG
    stm32f7xx_it.o(i.SysTick_Handler) refers to stm32f7xx_hal.o(i.HAL_IncTick) for HAL_IncTick
    system_stm32f7xx.o(i.SystemCoreClockUpdate) refers to system_stm32f7xx.o(.data) for .data
    system_stm32f7xx.o(i.SystemCoreClockUpdate) refers to system_stm32f7xx.o(.constdata) for .constdata
    delay.o(i.delay_init) refers to stm32f7xx_hal_cortex.o(i.HAL_SYSTICK_CLKSourceConfig) for HAL_SYSTICK_CLKSourceConfig
    delay.o(i.delay_init) refers to delay.o(.data) for .data
    delay.o(i.delay_ms) refers to delay.o(.data) for .data
    delay.o(i.delay_us) refers to delay.o(.data) for .data
    sys.o(i.Stm32_Clock_Init) refers to stm32f7xx_hal_rcc_ex.o(i.HAL_RCC_OscConfig) for HAL_RCC_OscConfig
    sys.o(i.Stm32_Clock_Init) refers to stm32f7xx_hal_pwr_ex.o(i.HAL_PWREx_EnableOverDrive) for HAL_PWREx_EnableOverDrive
    sys.o(i.Stm32_Clock_Init) refers to stm32f7xx_hal_rcc.o(i.HAL_RCC_ClockConfig) for HAL_RCC_ClockConfig
    usart.o(i.HAL_UART_MspInit) refers to stm32f7xx_hal_gpio.o(i.HAL_GPIO_Init) for HAL_GPIO_Init
    usart.o(i.HAL_UART_MspInit) refers to stm32f7xx_hal_cortex.o(i.HAL_NVIC_EnableIRQ) for HAL_NVIC_EnableIRQ
    usart.o(i.HAL_UART_MspInit) refers to stm32f7xx_hal_cortex.o(i.HAL_NVIC_SetPriority) for HAL_NVIC_SetPriority
    usart.o(i.HAL_UART_RxCpltCallback) refers to stm32f7xx_hal_gpio.o(i.HAL_GPIO_TogglePin) for HAL_GPIO_TogglePin
    usart.o(i.HAL_UART_RxCpltCallback) refers to usart.o(.data) for .data
    usart.o(i.HAL_UART_RxCpltCallback) refers to usart.o(.bss) for .bss
    usart.o(i.USART1_IRQHandler) refers to stm32f7xx_hal_uart.o(i.HAL_UART_IRQHandler) for HAL_UART_IRQHandler
    usart.o(i.USART1_IRQHandler) refers to stm32f7xx_hal_uart.o(i.HAL_UART_GetState) for HAL_UART_GetState
    usart.o(i.USART1_IRQHandler) refers to stm32f7xx_hal_uart.o(i.HAL_UART_Receive_IT) for HAL_UART_Receive_IT
    usart.o(i.USART1_IRQHandler) refers to usart.o(.bss) for .bss
    usart.o(i.USART1_IRQHandler) refers to usart.o(.data) for .data
    usart.o(i.USART2_IRQHandler) refers to stm32f7xx_hal_uart.o(i.HAL_UART_IRQHandler) for HAL_UART_IRQHandler
    usart.o(i.USART2_IRQHandler) refers to stm32f7xx_hal_uart.o(i.HAL_UART_GetState) for HAL_UART_GetState
    usart.o(i.USART2_IRQHandler) refers to stm32f7xx_hal_uart.o(i.HAL_UART_Receive_IT) for HAL_UART_Receive_IT
    usart.o(i.USART2_IRQHandler) refers to usart.o(.bss) for .bss
    usart.o(i.USART2_IRQHandler) refers to usart.o(.data) for .data
    usart.o(i.uart2_init) refers to stm32f7xx_hal_uart.o(i.HAL_UART_Init) for HAL_UART_Init
    usart.o(i.uart2_init) refers to stm32f7xx_hal_uart.o(i.HAL_UART_Receive_IT) for HAL_UART_Receive_IT
    usart.o(i.uart2_init) refers to usart.o(.bss) for .bss
    usart.o(i.uart2_init) refers to usart.o(.data) for .data
    usart.o(i.uart_init) refers to stm32f7xx_hal_uart.o(i.HAL_UART_Init) for HAL_UART_Init
    usart.o(i.uart_init) refers to stm32f7xx_hal_uart.o(i.HAL_UART_Receive_IT) for HAL_UART_Receive_IT
    usart.o(i.uart_init) refers to usart.o(.bss) for .bss
    usart.o(i.uart_init) refers to usart.o(.data) for .data
    sdram.o(i.HAL_SDRAM_MspInit) refers to stm32f7xx_hal_gpio.o(i.HAL_GPIO_Init) for HAL_GPIO_Init
    sdram.o(i.SDRAM_Init) refers to stm32f7xx_hal_sdram.o(i.HAL_SDRAM_Init) for HAL_SDRAM_Init
    sdram.o(i.SDRAM_Init) refers to sdram.o(i.SDRAM_Send_Cmd) for SDRAM_Send_Cmd
    sdram.o(i.SDRAM_Init) refers to delay.o(i.delay_us) for delay_us
[...]
    Removing ltdc.o(.rrx_text), (6 bytes).
    Removing ltdc.o(i.LTDC_Clk_Set), (34 bytes).
    Removing ltdc.o(i.LTDC_Color_Fill), (188 bytes).
    Removing ltdc.o(i.LTDC_Layer_Switch), (52 bytes).
    Removing ltdc.o(i.LTDC_Layer_Window_Config), (36 bytes).
    Removing ltdc.o(i.LTDC_Read_Point), (64 bytes).
    Removing ltdc.o(i.LTDC_Select_Layer), (12 bytes).
    Removing ltdc.o(i.LTDC_Switch), (36 bytes).
    Removing ltdc.o(.bss), (88 bytes).
    Removing can.o(.rev16_text), (4 bytes).
    Removing can.o(.revsh_text), (4 bytes).
    Removing can.o(.rrx_text), (6 bytes).
    Removing can.o(i.CAN1_Receive_Msg), (64 bytes).

601 unused section(s) (total 43925 bytes) removed from the image.

==============================================================================

Image Symbol Table

    Local Symbols

    Symbol Name                              Value     Ov Type        Size  Object(Section)

    ../clib/microlib/division.c              0x00000000   Number         0  uldiv.o ABSOLUTE
    ../clib/microlib/division.c              0x00000000   Number         0  uidiv.o ABSOLUTE
    ../clib/microlib/init/entry.s            0x00000000   Number         0  entry5.o ABSOLUTE
    ../clib/microlib/init/entry.s            0x00000000   Number         0  entry11b.o ABSOLUTE
    ../clib/microlib/init/entry.s            0x00000000   Number         0  entry.o ABSOLUTE
    ../clib/microlib/init/entry.s            0x00000000   Number         0  entry7a.o ABSOLUTE
    ../clib/microlib/init/entry.s            0x00000000   Number         0  entry10b.o ABSOLUTE
    ../clib/microlib/init/entry.s            0x00000000   Number         0  entry8a.o ABSOLUTE
    ../clib/microlib/init/entry.s            0x00000000   Number         0  entry8b.o ABSOLUTE
    ../clib/microlib/init/entry.s            0x00000000   Number         0  entry9a.o ABSOLUTE
    ../clib/microlib/init/entry.s            0x00000000   Number         0  entry9b.o ABSOLUTE
    ../clib/microlib/init/entry.s            0x00000000   Number         0  entry10a.o ABSOLUTE
    ../clib/microlib/init/entry.s            0x00000000   Number         0  entry11a.o ABSOLUTE
    ../clib/microlib/init/entry.s            0x00000000   Number         0  entry7b.o ABSOLUTE
    ../clib/microlib/init/entry.s            0x00000000   Number         0  entry2.o ABSOLUTE
    ../clib/microlib/longlong.c              0x00000000   Number         0  llushr.o ABSOLUTE
    ../clib/microlib/longlong.c              0x00000000   Number         0  llshl.o ABSOLUTE
    ../clib/microlib/longlong.c              0x00000000   Number         0  llsshr.o ABSOLUTE
    ../clib/microlib/printf/printf.c         0x00000000   Number         0  printf0.o ABSOLUTE
    ../clib/microlib/printf/printf.c         0x00000000   Number         0  printfb.o ABSOLUTE
    ../clib/microlib/printf/printf.c         0x00000000   Number         0  printf3.o ABSOLUTE
    ../clib/microlib/printf/printf.c         0x00000000   Number         0  printf1.o ABSOLUTE
    ../clib/microlib/printf/printf.c         0x00000000   Number         0  printf2.o ABSOLUTE
    ../clib/microlib/printf/printf.c         0x00000000   Number         0  printf5.o ABSOLUTE
    ../clib/microlib/printf/printf.c         0x00000000   Number         0  printf4.o ABSOLUTE
    ../clib/microlib/printf/printf.c         0x00000000   Number         0  printf6.o ABSOLUTE
    ../clib/microlib/printf/printf.c         0x00000000   Number         0  printf7.o ABSOLUTE
    ../clib/microlib/printf/printf.c         0x00000000   Number         0  printf8.o ABSOLUTE
    ../clib/microlib/printf/printf.c         0x00000000   Number         0  printfa.o ABSOLUTE
    ../clib/microlib/printf/stubs.s          0x00000000   Number         0  stubs.o ABSOLUTE
    ../clib/microlib/stubs.s                 0x00000000   Number         0  useno.o ABSOLUTE
    ../clib/microlib/stubs.s                 0x00000000   Number         0  iusefp.o ABSOLUTE
    ../fplib/microlib/fpadd.c                0x00000000   Number         0  dadd.o ABSOLUTE
    ../fplib/microlib/fpdiv.c                0x00000000   Number         0  ddiv.o ABSOLUTE
    ../fplib/microlib/fpepilogue.c           0x00000000   Number         0  depilogue.o ABSOLUTE
    ../fplib/microlib/fpfix.c                0x00000000   Number         0  dfixul.o ABSOLUTE
    ../fplib/microlib/fpmul.c                0x00000000   Number         0  dmul.o ABSOLUTE
    ..\CORE\startup_stm32f767xx.s            0x00000000   Number         0  startup_stm32f767xx.o ABSOLUTE
    ..\HALLIB\STM32F7xx_HAL_Driver\Src\stm32f7xx_hal.c 0x00000000   Number         0  stm32f7xx_hal.o ABSOLUTE
    ..\HALLIB\STM32F7xx_HAL_Driver\Src\stm32f7xx_hal_adc.c 0x00000000   Number         0  stm32f7xx_hal_adc.o ABSOLUTE
    ..\HALLIB\STM32F7xx_HAL_Driver\Src\stm32f7xx_hal_adc_ex.c 0x00000000   Number         0  stm32f7xx_hal_adc_ex.o ABSOLUTE
    ..\HALLIB\STM32F7xx_HAL_Driver\Src\stm32f7xx_hal_can.c 0x00000000   Number         0  stm32f7xx_hal_can.o ABSOLUTE
    ..\HALLIB\STM32F7xx_HAL_Driver\Src\stm32f7xx_hal_cec.c 0x00000000   Number         0  stm32f7xx_hal_cec.o ABSOLUTE
    ..\HALLIB\STM32F7xx_HAL_Driver\Src\stm32f7xx_hal_cortex.c 0x00000000   Number         0  stm32f7xx_hal_cortex.o ABSOLUTE
    ..\HALLIB\STM32F7xx_HAL_Driver\Src\stm32f7xx_hal_dma.c 0x00000000   Number         0  stm32f7xx_hal_dma.o ABSOLUTE
    ..\HALLIB\STM32F7xx_HAL_Driver\Src\stm32f7xx_hal_dma_ex.c 0x00000000   Number         0  stm32f7xx_hal_dma_ex.o ABSOLUTE
    ..\HALLIB\STM32F7xx_HAL_Driver\Src\stm32f7xx_hal_gpio.c 0x00000000   Number         0  stm32f7xx_hal_gpio.o ABSOLUTE
    ..\HALLIB\STM32F7xx_HAL_Driver\Src\stm32f7xx_hal_ltdc.c 0x00000000   Number         0  stm32f7xx_hal_ltdc.o ABSOLUTE
    ..\HALLIB\STM32F7xx_HAL_Driver\Src\stm32f7xx_hal_ltdc_ex.c 0x00000000   Number         0  stm32f7xx_hal_ltdc_ex.o ABSOLUTE
    ..\HALLIB\STM32F7xx_HAL_Driver\Src\stm32f7xx_hal_pwr.c 0x00000000   Number         0  stm32f7xx_hal_pwr.o ABSOLUTE
    ..\HALLIB\STM32F7xx_HAL_Driver\Src\stm32f7xx_hal_pwr_ex.c 0x00000000   Number         0  stm32f7xx_hal_pwr_ex.o ABSOLUTE
    ..\HALLIB\STM32F7xx_HAL_Driver\Src\stm32f7xx_hal_rcc.c 0x00000000   Number         0  stm32f7xx_hal_rcc.o ABSOLUTE
    ..\HALLIB\STM32F7xx_HAL_Driver\Src\stm32f7xx_hal_rcc_ex.c 0x00000000   Number         0  stm32f7xx_hal_rcc_ex.o ABSOLUTE
    ..\HALLIB\STM32F7xx_HAL_Driver\Src\stm32f7xx_hal_sdram.c 0x00000000   Number         0  stm32f7xx_hal_sdram.o ABSOLUTE
    ..\HALLIB\STM32F7xx_HAL_Driver\Src\stm32f7xx_hal_sram.c 0x00000000   Number         0  stm32f7xx_hal_sram.o ABSOLUTE
    ..\HALLIB\STM32F7xx_HAL_Driver\Src\stm32f7xx_hal_tim.c 0x00000000   Number         0  stm32f7xx_hal_tim.o ABSOLUTE
    ..\HALLIB\STM32F7xx_HAL_Driver\Src\stm32f7xx_hal_tim_ex.c 0x00000000   Number         0  stm32f7xx_hal_tim_ex.o ABSOLUTE
    ..\HALLIB\STM32F7xx_HAL_Driver\Src\stm32f7xx_hal_uart.c 0x00000000   Number         0  stm32f7xx_hal_uart.o ABSOLUTE
    ..\HALLIB\STM32F7xx_HAL_Driver\Src\stm32f7xx_hal_usart.c 0x00000000   Number         0  stm32f7xx_hal_usart.o ABSOLUTE
    ..\HALLIB\STM32F7xx_HAL_Driver\Src\stm32f7xx_ll_fmc.c 0x00000000   Number         0  stm32f7xx_ll_fmc.o ABSOLUTE
    ..\HARDWARE\ADC\adc.c                    0x00000000   Number         0  adc.o ABSOLUTE
    ..\HARDWARE\CAN\can.c                    0x00000000   Number         0  can.o ABSOLUTE
    ..\HARDWARE\LCD\lcd.c                    0x00000000   Number         0  lcd.o ABSOLUTE
    ..\HARDWARE\LCD\ltdc.c                   0x00000000   Number         0  ltdc.o ABSOLUTE
    ..\HARDWARE\LED\led.c                    0x00000000   Number         0  led.o ABSOLUTE
    ..\HARDWARE\SDRAM\sdram.c                0x00000000   Number         0  sdram.o ABSOLUTE
    ..\HARDWARE\SPI\spi.c                    0x00000000   Number         0  spi.o ABSOLUTE
    ..\HARDWARE\TIMER\timer.c                0x00000000   Number         0  timer.o ABSOLUTE
    ..\SYSTEM\delay\delay.c                  0x00000000   Number         0  delay.o ABSOLUTE
    ..\SYSTEM\sys\sys.c                      0x00000000   Number         0  sys.o ABSOLUTE
    ..\SYSTEM\usart\usart.c                  0x00000000   Number         0  usart.o ABSOLUTE
    ..\\HALLIB\\STM32F7xx_HAL_Driver\\Src\\stm32f7xx_hal.c 0x00000000   Number         0  stm32f7xx_hal.o ABSOLUTE
    ..\\HALLIB\\STM32F7xx_HAL_Driver\\Src\\stm32f7xx_hal_adc.c 0x00000000   Number         0  stm32f7xx_hal_adc.o ABSOLUTE
    ..\\HALLIB\\STM32F7xx_HAL_Driver\\Src\\stm32f7xx_hal_adc_ex.c 0x00000000   Number         0  stm32f7xx_hal_adc_ex.o ABSOLUTE
    ..\\HALLIB\\STM32F7xx_HAL_Driver\\Src\\stm32f7xx_hal_can.c 0x00000000   Number         0  stm32f7xx_hal_can.o ABSOLUTE
    ..\\HALLIB\\STM32F7xx_HAL_Driver\\Src\\stm32f7xx_hal_cec.c 0x00000000   Number         0  stm32f7xx_hal_cec.o ABSOLUTE
    ..\\HALLIB\\STM32F7xx_HAL_Driver\\Src\\stm32f7xx_hal_cortex.c 0x00000000   Number         0  stm32f7xx_hal_cortex.o ABSOLUTE
    ..\\HALLIB\\STM32F7xx_HAL_Driver\\Src\\stm32f7xx_hal_dma.c 0x00000000   Number         0  stm32f7xx_hal_dma.o ABSOLUTE
    ..\\HALLIB\\STM32F7xx_HAL_Driver\\Src\\stm32f7xx_hal_dma_ex.c 0x00000000   Number         0  stm32f7xx_hal_dma_ex.o ABSOLUTE
    ..\\HALLIB\\STM32F7xx_HAL_Driver\\Src\\stm32f7xx_hal_gpio.c 0x00000000   Number         0  stm32f7xx_hal_gpio.o ABSOLUTE
    ..\\HALLIB\\STM32F7xx_HAL_Driver\\Src\\stm32f7xx_hal_ltdc.c 0x00000000   Number         0  stm32f7xx_hal_ltdc.o ABSOLUTE
    ..\\HALLIB\\STM32F7xx_HAL_Driver\\Src\\stm32f7xx_hal_ltdc_ex.c 0x00000000   Number         0  stm32f7xx_hal_ltdc_ex.o ABSOLUTE
    ..\\HALLIB\\STM32F7xx_HAL_Driver\\Src\\stm32f7xx_hal_pwr.c 0x00000000   Number         0  stm32f7xx_hal_pwr.o ABSOLUTE
    ..\\HALLIB\\STM32F7xx_HAL_Driver\\Src\\stm32f7xx_hal_pwr_ex.c 0x00000000   Number         0  stm32f7xx_hal_pwr_ex.o ABSOLUTE
    ..\\HALLIB\\STM32F7xx_HAL_Driver\\Src\\stm32f7xx_hal_rcc.c 0x00000000   Number         0  stm32f7xx_hal_rcc.o ABSOLUTE
    ..\\HALLIB\\STM32F7xx_HAL_Driver\\Src\\stm32f7xx_hal_rcc_ex.c 0x00000000   Number         0  stm32f7xx_hal_rcc_ex.o ABSOLUTE
    ..\\HALLIB\\STM32F7xx_HAL_Driver\\Src\\stm32f7xx_hal_sdram.c 0x00000000   Number         0  stm32f7xx_hal_sdram.o ABSOLUTE
    ..\\HALLIB\\STM32F7xx_HAL_Driver\\Src\\stm32f7xx_hal_sram.c 0x00000000   Number         0  stm32f7xx_hal_sram.o ABSOLUTE
    ..\\HALLIB\\STM32F7xx_HAL_Driver\\Src\\stm32f7xx_hal_tim.c 0x00000000   Number         0  stm32f7xx_hal_tim.o ABSOLUTE
    ..\\HALLIB\\STM32F7xx_HAL_Driver\\Src\\stm32f7xx_hal_tim_ex.c 0x00000000   Number         0  stm32f7xx_hal_tim_ex.o ABSOLUTE
    ..\\HALLIB\\STM32F7xx_HAL_Driver\\Src\\stm32f7xx_hal_uart.c 0x00000000   Number         0  stm32f7xx_hal_uart.o ABSOLUTE
    ..\\HALLIB\\STM32F7xx_HAL_Driver\\Src\\stm32f7xx_hal_usart.c 0x00000000   Number         0  stm32f7xx_hal_usart.o ABSOLUTE
    ..\\HALLIB\\STM32F7xx_HAL_Driver\\Src\\stm32f7xx_ll_fmc.c 0x00000000   Number         0  stm32f7xx_ll_fmc.o ABSOLUTE
    ..\\HARDWARE\\ADC\\adc.c                 0x00000000   Number         0  adc.o ABSOLUTE
    ..\\HARDWARE\\CAN\\can.c                 0x00000000   Number         0  can.o ABSOLUTE
    ..\\HARDWARE\\LCD\\lcd.c                 0x00000000   Number         0  lcd.o ABSOLUTE
    ..\\HARDWARE\\LCD\\ltdc.c                0x00000000   Number         0  ltdc.o ABSOLUTE
    ..\\HARDWARE\\LED\\led.c                 0x00000000   Number         0  led.o ABSOLUTE
    ..\\HARDWARE\\SDRAM\\sdram.c             0x00000000   Number         0  sdram.o ABSOLUTE
    ..\\HARDWARE\\SPI\\spi.c                 0x00000000   Number         0  spi.o ABSOLUTE
    ..\\HARDWARE\\TIMER\\timer.c             0x00000000   Number         0  timer.o ABSOLUTE
    ..\\SYSTEM\\delay\\delay.c               0x00000000   Number         0  delay.o ABSOLUTE
    ..\\SYSTEM\\sys\\sys.c                   0x00000000   Number         0  sys.o ABSOLUTE
    ..\\SYSTEM\\usart\\usart.c               0x00000000   Number         0  usart.o ABSOLUTE
    cdrcmple.s                               0x00000000   Number         0  cdrcmple.o ABSOLUTE
    dc.s                                     0x00000000   Number         0  dc.o ABSOLUTE
    handlers.s                               0x00000000   Number         0  handlers.o ABSOLUTE
    init.s                                   0x00000000   Number         0  init.o ABSOLUTE
    main.c                                   0x00000000   Number         0  main.o ABSOLUTE
    main.c                                   0x00000000   Number         0  main.o ABSOLUTE
    stm32f7xx_it.c                           0x00000000   Number         0  stm32f7xx_it.o ABSOLUTE
    stm32f7xx_it.c                           0x00000000   Number         0  stm32f7xx_it.o ABSOLUTE
    system_stm32f7xx.c                       0x00000000   Number         0  system_stm32f7xx.o ABSOLUTE
    system_stm32f7xx.c                       0x00000000   Number         0  system_stm32f7xx.o ABSOLUTE
    RESET                                    0x08000000   Section      504  startup_stm32f767xx.o(RESET)
    .ARM.Collect$$$$00000000                 0x080001f8   Section        0  entry.o(.ARM.Collect$$$$00000000)
    .ARM.Collect$$$$00000001                 0x080001f8   Section        4  entry2.o(.ARM.Collect$$$$00000001)
    .ARM.Collect$$$$00000004                 0x080001fc   Section        4  entry5.o(.ARM.Collect$$$$00000004)
    .ARM.Collect$$$$00000008                 0x08000200   Section        0  entry7b.o(.ARM.Collect$$$$00000008)
    .ARM.Collect$$$$0000000A                 0x08000200   Section        0  entry8b.o(.ARM.Collect$$$$0000000A)
    .ARM.Collect$$$$0000000B                 0x08000200   Section        8  entry9a.o(.ARM.Collect$$$$0000000B)
    .ARM.Collect$$$$0000000D                 0x08000208   Section        0  entry10a.o(.ARM.Collect$$$$0000000D)
    .ARM.Collect$$$$0000000F                 0x08000208   Section        0  entry11a.o(.ARM.Collect$$$$0000000F)
    .ARM.Collect$$$$00002712                 0x08000208   Section        4  entry2.o(.ARM.Collect$$$$00002712)
    __lit__00000000                          0x08000208   Data           4  entry2.o(.ARM.Collect$$$$00002712)
    .text                                    0x0800020c   Section       36  startup_stm32f767xx.o(.text)
    $v0                                      0x0800020c   Number         0  startup_stm32f767xx.o(.text)
    .text                                    0x08000230   Section        0  uidiv.o(.text)
    .text                                    0x0800025c   Section        0  uldiv.o(.text)
    .text                                    0x080002be   Section        0  dadd.o(.text)
    .text                                    0x080002be   Section        0  iusefp.o(.text)
    .text                                    0x0800040c   Section        0  dmul.o(.text)
    .text                                    0x080004f0   Section        0  ddiv.o(.text)
    .text                                    0x080005ce   Section        0  dfixul.o(.text)
    .text                                    0x08000600   Section       48  cdrcmple.o(.text)
    .text                                    0x08000630   Section       36  init.o(.text)
    .text                                    0x08000654   Section        0  llshl.o(.text)
    .text                                    0x08000672   Section        0  llushr.o(.text)
    .text                                    0x08000692   Section        0  llsshr.o(.text)
    .text                                    0x080006b6   Section        0  depilogue.o(.text)
    i.BusFault_Handler                       0x08000770   Section        0  stm32f7xx_it.o(i.BusFault_Handler)
    i.CAN1_Mode_Init                         0x08000774   Section        0  can.o(i.CAN1_Mode_Init)
    i.CAN1_RX0_IRQHandler                    0x08000810   Section        0  can.o(i.CAN1_RX0_IRQHandler)
    i.CAN1_Send_Msg                          0x0800081c   Section        0  can.o(i.CAN1_Send_Msg)
    i.CAN_Decode                             0x08000870   Section        0  can.o(i.CAN_Decode)
    i.CAN_Receive_IT                         0x08000980   Section        0  stm32f7xx_hal_can.o(i.CAN_Receive_IT)
    CAN_Receive_IT                           0x08000981   Thumb Code   286  stm32f7xx_hal_can.o(i.CAN_Receive_IT)
    i.Cache_Enable                           0x08000aa0   Section        0  sys.o(i.Cache_Enable)
    i.DCDC_CAN_Init                          0x08000b28   Section        0  can.o(i.DCDC_CAN_Init)
    i.DCDC_CAN_Set                           0x08000b58   Section        0  can.o(i.DCDC_CAN_Set)
    i.DebugMon_Handler                       0x08000be4   Section        0  stm32f7xx_it.o(i.DebugMon_Handler)
    i.FMC_NORSRAM_Extended_Timing_Init       0x08000be8   Section        0  stm32f7xx_ll_fmc.o(i.FMC_NORSRAM_Extended_Timing_Init)
    i.FMC_NORSRAM_Init                       0x08000c30   Section        0  stm32f7xx_ll_fmc.o(i.FMC_NORSRAM_Init)
    i.FMC_NORSRAM_Timing_Init                0x08000cac   Section        0  stm32f7xx_ll_fmc.o(i.FMC_NORSRAM_Timing_Init)
    i.HAL_ADC_Init                           0x08000d10   Section        0  stm32f7xx_hal_adc.o(i.HAL_ADC_Init)
    i.HAL_ADC_MspInit                        0x08000e98   Section        0  adc.o(i.HAL_ADC_MspInit)
    i.HAL_CAN_ConfigFilter                   0x08000f08   Section        0  stm32f7xx_hal_can.o(i.HAL_CAN_ConfigFilter)
    i.HAL_CAN_ErrorCallback                  0x0800101c   Section        0  stm32f7xx_hal_can.o(i.HAL_CAN_ErrorCallback)
    i.HAL_CAN_IRQHandler                     0x08001020   Section        0  stm32f7xx_hal_can.o(i.HAL_CAN_IRQHandler)
    i.HAL_CAN_Init                           0x080011e4   Section        0  stm32f7xx_hal_can.o(i.HAL_CAN_Init)
    i.HAL_CAN_MspInit                        0x08001344   Section        0  can.o(i.HAL_CAN_MspInit)
    i.HAL_CAN_Receive_IT                     0x080013bc   Section        0  stm32f7xx_hal_can.o(i.HAL_CAN_Receive_IT)
    i.HAL_CAN_RxCpltCallback                 0x08001418   Section        0  can.o(i.HAL_CAN_RxCpltCallback)
    i.HAL_CAN_Transmit                       0x08001448   Section        0  stm32f7xx_hal_can.o(i.HAL_CAN_Transmit)
    i.HAL_CAN_TxCpltCallback                 0x0800160c   Section        0  stm32f7xx_hal_can.o(i.HAL_CAN_TxCpltCallback)
    i.HAL_DMA_Abort_IT                       0x0800160e   Section        0  stm32f7xx_hal_dma.o(i.HAL_DMA_Abort_IT)
    i.HAL_GPIO_Init                          0x08001634   Section        0  stm32f7xx_hal_gpio.o(i.HAL_GPIO_Init)
    i.HAL_GPIO_ReadPin                       0x08001878   Section        0  stm32f7xx_hal_gpio.o(i.HAL_GPIO_ReadPin)
    i.HAL_GPIO_TogglePin                     0x08001882   Section        0  stm32f7xx_hal_gpio.o(i.HAL_GPIO_TogglePin)
    i.HAL_GPIO_WritePin                      0x0800188a   Section        0  stm32f7xx_hal_gpio.o(i.HAL_GPIO_WritePin)
    i.HAL_GetTick                            0x08001894   Section        0  stm32f7xx_hal.o(i.HAL_GetTick)
    i.HAL_IncTick                            0x080018a0   Section        0  stm32f7xx_hal.o(i.HAL_IncTick)
    i.HAL_Init                               0x080018b0   Section        0  stm32f7xx_hal.o(i.HAL_Init)
    i.HAL_InitTick                           0x080018d4   Section        0  stm32f7xx_hal.o(i.HAL_InitTick)
    i.HAL_LTDC_ConfigLayer                   0x080018fc   Section        0  stm32f7xx_hal_ltdc.o(i.HAL_LTDC_ConfigLayer)
    i.HAL_LTDC_Init                          0x08001954   Section        0  stm32f7xx_hal_ltdc.o(i.HAL_LTDC_Init)
    i.HAL_LTDC_MspInit                       0x08001a60   Section        0  ltdc.o(i.HAL_LTDC_MspInit)
    i.HAL_LTDC_SetWindowPosition             0x08001b54   Section        0  stm32f7xx_hal_ltdc.o(i.HAL_LTDC_SetWindowPosition)
    i.HAL_LTDC_SetWindowSize                 0x08001bac   Section        0  stm32f7xx_hal_ltdc.o(i.HAL_LTDC_SetWindowSize)
    i.HAL_MPU_ConfigRegion                   0x08001c00   Section        0  stm32f7xx_hal_cortex.o(i.HAL_MPU_ConfigRegion)
    i.HAL_MspInit                            0x08001c54   Section        0  stm32f7xx_hal.o(i.HAL_MspInit)
    i.HAL_NVIC_EnableIRQ                     0x08001c56   Section        0  stm32f7xx_hal_cortex.o(i.HAL_NVIC_EnableIRQ)
    i.HAL_NVIC_SetPriority                   0x08001c70   Section        0  stm32f7xx_hal_cortex.o(i.HAL_NVIC_SetPriority)
    i.HAL_NVIC_SetPriorityGrouping           0x08001cd4   Section        0  stm32f7xx_hal_cortex.o(i.HAL_NVIC_SetPriorityGrouping)
    i.HAL_PWREx_EnableOverDrive              0x08001cf8   Section        0  stm32f7xx_hal_pwr_ex.o(i.HAL_PWREx_EnableOverDrive)
    i.HAL_RCCEx_PeriphCLKConfig              0x08001d74   Section        0  stm32f7xx_hal_rcc_ex.o(i.HAL_RCCEx_PeriphCLKConfig)
    i.HAL_RCC_ClockConfig                    0x080024cc   Section        0  stm32f7xx_hal_rcc.o(i.HAL_RCC_ClockConfig)
    i.HAL_RCC_GetPCLK1Freq                   0x08002650   Section        0  stm32f7xx_hal_rcc.o(i.HAL_RCC_GetPCLK1Freq)
    i.HAL_RCC_GetPCLK2Freq                   0x08002680   Section        0  stm32f7xx_hal_rcc.o(i.HAL_RCC_GetPCLK2Freq)
    i.HAL_RCC_GetSysClockFreq                0x080026b0   Section        0  stm32f7xx_hal_rcc.o(i.HAL_RCC_GetSysClockFreq)
    i.HAL_RCC_OscConfig                      0x08002748   Section        0  stm32f7xx_hal_rcc_ex.o(i.HAL_RCC_OscConfig)
    i.HAL_SRAM_Init                          0x08002b0c   Section        0  stm32f7xx_hal_sram.o(i.HAL_SRAM_Init)
    i.HAL_SRAM_MspInit                       0x08002b64   Section        0  lcd.o(i.HAL_SRAM_MspInit)
    i.HAL_SYSTICK_CLKSourceConfig            0x08002be0   Section        0  stm32f7xx_hal_cortex.o(i.HAL_SYSTICK_CLKSourceConfig)
    i.HAL_SYSTICK_Config                     0x08002bf8   Section        0  stm32f7xx_hal_cortex.o(i.HAL_SYSTICK_Config)
    i.HAL_TIMEx_BreakCallback                0x08002c24   Section        0  stm32f7xx_hal_tim_ex.o(i.HAL_TIMEx_BreakCallback)
    i.HAL_TIMEx_CommutationCallback          0x08002c26   Section        0  stm32f7xx_hal_tim_ex.o(i.HAL_TIMEx_CommutationCallback)
    i.HAL_TIM_Base_Init                      0x08002c28   Section        0  stm32f7xx_hal_tim.o(i.HAL_TIM_Base_Init)
    i.HAL_TIM_Base_MspInit                   0x08002c5c   Section        0  timer.o(i.HAL_TIM_Base_MspInit)
    i.HAL_TIM_Base_Start_IT                  0x08002cc0   Section        0  stm32f7xx_hal_tim.o(i.HAL_TIM_Base_Start_IT)
    i.HAL_TIM_IC_CaptureCallback             0x08002cd8   Section        0  stm32f7xx_hal_tim.o(i.HAL_TIM_IC_CaptureCallback)
    i.HAL_TIM_IRQHandler                     0x08002cda   Section        0  stm32f7xx_hal_tim.o(i.HAL_TIM_IRQHandler)
    i.HAL_TIM_OC_DelayElapsedCallback        0x08002e60   Section        0  stm32f7xx_hal_tim.o(i.HAL_TIM_OC_DelayElapsedCallback)
    i.HAL_TIM_PWM_PulseFinishedCallback      0x08002e62   Section        0  stm32f7xx_hal_tim.o(i.HAL_TIM_PWM_PulseFinishedCallback)
    i.HAL_TIM_PeriodElapsedCallback          0x08002e64   Section        0  timer.o(i.HAL_TIM_PeriodElapsedCallback)
    i.HAL_TIM_TriggerCallback                0x08002e88   Section        0  stm32f7xx_hal_tim.o(i.HAL_TIM_TriggerCallback)
    i.HAL_UART_ErrorCallback                 0x08002e8a   Section        0  stm32f7xx_hal_uart.o(i.HAL_UART_ErrorCallback)
    i.HAL_UART_GetState                      0x08002e8c   Section        0  stm32f7xx_hal_uart.o(i.HAL_UART_GetState)
    i.HAL_UART_IRQHandler                    0x08002e98   Section        0  stm32f7xx_hal_uart.o(i.HAL_UART_IRQHandler)
    i.HAL_UART_Init                          0x08003064   Section        0  stm32f7xx_hal_uart.o(i.HAL_UART_Init)
    i.HAL_UART_MspInit                       0x080030d4   Section        0  usart.o(i.HAL_UART_MspInit)
    i.HAL_UART_Receive_IT                    0x080031c8   Section        0  stm32f7xx_hal_uart.o(i.HAL_UART_Receive_IT)
    i.HAL_UART_RxCpltCallback                0x08003268   Section        0  usart.o(i.HAL_UART_RxCpltCallback)
    i.HAL_UART_TxCpltCallback                0x08003304   Section        0  stm32f7xx_hal_uart.o(i.HAL_UART_TxCpltCallback)
    i.HardFault_Handler                      0x08003306   Section        0  stm32f7xx_it.o(i.HardFault_Handler)
    i.LCD_Auto_Placement                     0x08003308   Section        0  lcd.o(i.LCD_Auto_Placement)
    i.LCD_Display_Dir                        0x080034b0   Section        0  lcd.o(i.LCD_Display_Dir)
    i.LCD_FLOAT_Show                         0x080035b4   Section        0  lcd.o(i.LCD_FLOAT_Show)
    i.LCD_Fast_DrawPoint                     0x080036f4   Section        0  lcd.o(i.LCD_Fast_DrawPoint)
    i.LCD_Init                               0x08003954   Section        0  lcd.o(i.LCD_Init)
    i.LCD_MPU_Config                         0x080083a0   Section        0  lcd.o(i.LCD_MPU_Config)
    i.LCD_SSD_BackLightSet                   0x08008410   Section        0  lcd.o(i.LCD_SSD_BackLightSet)
    i.LCD_Scan_Dir                           0x080084d0   Section        0  lcd.o(i.LCD_Scan_Dir)
    i.LCD_SetCursor                          0x080087ec   Section        0  lcd.o(i.LCD_SetCursor)
    i.LCD_ShowChar                           0x08008aa8   Section        0  lcd.o(i.LCD_ShowChar)
    i.LCD_ShowString                         0x08008bc4   Section        0  lcd.o(i.LCD_ShowString)
    i.LCD_ShowxNum                           0x08008c28   Section        0  lcd.o(i.LCD_ShowxNum)
    i.LED_Init                               0x08008ce0   Section        0  led.o(i.LED_Init)
    i.LTDC_Clear                             0x08008d2c   Section        0  ltdc.o(i.LTDC_Clear)
    i.LTDC_Display_Dir                       0x08008d4c   Section        0  ltdc.o(i.LTDC_Display_Dir)
    i.LTDC_Draw_Point                        0x08008d74   Section        0  ltdc.o(i.LTDC_Draw_Point)
    i.LTDC_Fill                              0x08008db8   Section        0  ltdc.o(i.LTDC_Fill)
    i.LTDC_Init                              0x08008e70   Section        0  ltdc.o(i.LTDC_Init)
    i.LTDC_Layer_Parameter_Config            0x08009064   Section        0  ltdc.o(i.LTDC_Layer_Parameter_Config)
    i.LTDC_PanelID_Read                      0x080090c4   Section        0  ltdc.o(i.LTDC_PanelID_Read)
    i.LTDC_SetConfig                         0x08009180   Section        0  stm32f7xx_hal_ltdc.o(i.LTDC_SetConfig)
    LTDC_SetConfig                           0x08009181   Thumb Code   462  stm32f7xx_hal_ltdc.o(i.LTDC_SetConfig)
    i.MY_ADC_Init                            0x08009350   Section        0  adc.o(i.MY_ADC_Init)
    i.MemManage_Handler                      0x0800938c   Section        0  stm32f7xx_it.o(i.MemManage_Handler)
    i.NMI_Handler                            0x0800938e   Section        0  stm32f7xx_it.o(i.NMI_Handler)
    i.PendSV_Handler                         0x08009390   Section        0  stm32f7xx_it.o(i.PendSV_Handler)
    i.SPI_Init                               0x08009394   Section        0  spi.o(i.SPI_Init)
    i.SVC_Handler                            0x08009418   Section        0  stm32f7xx_it.o(i.SVC_Handler)
    i.Stm32_Clock_Init                       0x0800941c   Section        0  sys.o(i.Stm32_Clock_Init)
    i.SysTick_Handler                        0x080094bc   Section        0  stm32f7xx_it.o(i.SysTick_Handler)
    i.SystemInit                             0x080094c0   Section        0  system_stm32f7xx.o(i.SystemInit)
    i.TIM2_IRQHandler                        0x08009518   Section        0  timer.o(i.TIM2_IRQHandler)
    i.TIM3_IRQHandler                        0x08009524   Section        0  timer.o(i.TIM3_IRQHandler)
    i.TIM3_Init                              0x08009530   Section        0  timer.o(i.TIM3_Init)
    i.TIM_Base_SetConfig                     0x0800955c   Section        0  stm32f7xx_hal_tim.o(i.TIM_Base_SetConfig)
    i.UART_AdvFeatureConfig                  0x08009624   Section        0  stm32f7xx_hal_uart.o(i.UART_AdvFeatureConfig)
    i.UART_CheckIdleState                    0x080096fe   Section        0  stm32f7xx_hal_uart.o(i.UART_CheckIdleState)
    i.UART_DMAAbortOnError                   0x0800975e   Section        0  stm32f7xx_hal_uart.o(i.UART_DMAAbortOnError)
    UART_DMAAbortOnError                     0x0800975f   Thumb Code    20  stm32f7xx_hal_uart.o(i.UART_DMAAbortOnError)
    i.UART_Receive_IT                        0x08009772   Section        0  stm32f7xx_hal_uart.o(i.UART_Receive_IT)
    UART_Receive_IT                          0x08009773   Thumb Code   130  stm32f7xx_hal_uart.o(i.UART_Receive_IT)
    i.UART_SetConfig                         0x080097f4   Section        0  stm32f7xx_hal_uart.o(i.UART_SetConfig)
    i.UART_WaitOnFlagUntilTimeout            0x08009a9c   Section        0  stm32f7xx_hal_uart.o(i.UART_WaitOnFlagUntilTimeout)
    i.USART1_IRQHandler                      0x08009b10   Section        0  usart.o(i.USART1_IRQHandler)
    i.USART2_IRQHandler                      0x08009b6c   Section        0  usart.o(i.USART2_IRQHandler)
    i.UsageFault_Handler                     0x08009bc8   Section        0  stm32f7xx_it.o(i.UsageFault_Handler)
    i.__0printf                              0x08009bcc   Section        0  printfa.o(i.__0printf)
    i.__scatterload_copy                     0x08009bec   Section       14  handlers.o(i.__scatterload_copy)
    i.__scatterload_null                     0x08009bfa   Section        2  handlers.o(i.__scatterload_null)
    i.__scatterload_zeroinit                 0x08009bfc   Section       14  handlers.o(i.__scatterload_zeroinit)
    i._fp_digits                             0x08009c0c   Section        0  printfa.o(i._fp_digits)
    _fp_digits                               0x08009c0d   Thumb Code   366  printfa.o(i._fp_digits)
    i._printf_core                           0x08009d90   Section        0  printfa.o(i._printf_core)
    _printf_core                             0x08009d91   Thumb Code  1744  printfa.o(i._printf_core)
    i._printf_post_padding                   0x0800a46c   Section        0  printfa.o(i._printf_post_padding)
    _printf_post_padding                     0x0800a46d   Thumb Code    36  printfa.o(i._printf_post_padding)
    i._printf_pre_padding                    0x0800a490   Section        0  printfa.o(i._printf_pre_padding)
    _printf_pre_padding                      0x0800a491   Thumb Code    46  printfa.o(i._printf_pre_padding)
    i.delay_init                             0x0800a4c0   Section        0  delay.o(i.delay_init)
    i.delay_ms                               0x0800a4d4   Section        0  delay.o(i.delay_ms)
    i.delay_us                               0x0800a520   Section        0  delay.o(i.delay_us)
    i.fputc                                  0x0800a554   Section        0  usart.o(i.fputc)
    i.main                                   0x0800a568   Section        0  main.o(i.main)
    i.uart2_init                             0x0800a81c   Section        0  usart.o(i.uart2_init)
    i.uart_init                              0x0800a858   Section        0  usart.o(i.uart_init)
    .constdata                               0x0800a890   Section       16  system_stm32f7xx.o(.constdata)
    .constdata                               0x0800a8a0   Section        8  system_stm32f7xx.o(.constdata)
    .constdata                               0x0800a8a8   Section    18240  lcd.o(.constdata)
    .data                                    0x20020000   Section        4  system_stm32f7xx.o(.data)
    .data                                    0x20020004   Section        4  delay.o(.data)
    fac_us                                   0x20020004   Data           4  delay.o(.data)
    .data                                    0x20020008   Section       14  usart.o(.data)
    .data                                    0x20020018   Section        4  usart.o(.data)
    .data                                    0x2002001c   Section        4  stm32f7xx_hal.o(.data)
    .data                                    0x20020020   Section        2  timer.o(.data)
    .data                                    0x20020024   Section        8  lcd.o(.data)
    .data                                    0x2002002c   Section        8  ltdc.o(.data)
    .data                                    0x20020034   Section        1  can.o(.data)
    .bss                                     0x20020038   Section      424  usart.o(.bss)
    .bss                                     0x200201e0   Section      180  timer.o(.bss)
    .bss                                     0x20020294   Section       88  adc.o(.bss)
    .bss                                     0x200202ec   Section       90  lcd.o(.bss)
    .bss                                     0x20020348   Section      200  ltdc.o(.bss)
    .bss                                     0x20020410   Section      152  can.o(.bss)
    STACK                                    0x200204a8   Section     1024  startup_stm32f767xx.o(STACK)
    .ARM.__AT_0xC0000000                     0xc0000000   Section    2048000  ltdc.o(.ARM.__AT_0xC0000000)

    Global Symbols

    Symbol Name                              Value     Ov Type        Size  Object(Section)

    BuildAttributes$$THM_ISAv4$E$P$D$K$B$S$7EM$VFPv5_D16$PE$PLD8$A:L22UL41UL21$X:L11$S22US41US21$IEEE1$IW$USESV6$~STKCKD$USESV7$~SHL$OTIME$ROPI$EBA8$MICROLIB$REQ8$PRES8$EABIv2 0x00000000   Number         0  anon$$obj.o ABSOLUTE
    __ARM_use_no_argv                        0x00000000   Number         0  main.o ABSOLUTE
    __use_no_errno                           0x00000000   Number         0  useno.o ABSOLUTE
    __use_no_exception_handling              0x00000000   Number         0  useno.o ABSOLUTE
    __use_no_fp                              0x00000000   Number         0  useno.o ABSOLUTE
    __use_no_heap                            0x00000000   Number         0  useno.o ABSOLUTE
    __use_no_heap_region                     0x00000000   Number         0  useno.o ABSOLUTE
    __use_no_semihosting                     0x00000000   Number         0  useno.o ABSOLUTE
    __use_no_semihosting_swi                 0x00000000   Number         0  useno.o ABSOLUTE
    __use_no_signal_handling                 0x00000000   Number         0  useno.o ABSOLUTE
    _printf_a                                0x00000000   Number         0  stubs.o ABSOLUTE
    _printf_c                                0x00000000   Number         0  stubs.o ABSOLUTE
    _printf_charcount                        0x00000000   Number         0  stubs.o ABSOLUTE
    _printf_d                                0x00000000   Number         0  stubs.o ABSOLUTE
    _printf_e                                0x00000000   Number         0  stubs.o ABSOLUTE
    _printf_f                                0x00000000   Number         0  stubs.o ABSOLUTE
    _printf_flags                            0x00000000   Number         0  stubs.o ABSOLUTE
    _printf_fp_dec                           0x00000000   Number         0  stubs.o ABSOLUTE
    _printf_fp_hex                           0x00000000   Number         0  stubs.o ABSOLUTE
    _printf_g                                0x00000000   Number         0  stubs.o ABSOLUTE
    _printf_i                                0x00000000   Number         0  stubs.o ABSOLUTE
    _printf_int_dec                          0x00000000   Number         0  stubs.o ABSOLUTE
    _printf_l                                0x00000000   Number         0  stubs.o ABSOLUTE
    _printf_lc                               0x00000000   Number         0  stubs.o ABSOLUTE
    _printf_ll                               0x00000000   Number         0  stubs.o ABSOLUTE
    _printf_lld                              0x00000000   Number         0  stubs.o ABSOLUTE
    _printf_lli                              0x00000000   Number         0  stubs.o ABSOLUTE
    _printf_llo                              0x00000000   Number         0  stubs.o ABSOLUTE
    _printf_llu                              0x00000000   Number         0  stubs.o ABSOLUTE
    _printf_llx                              0x00000000   Number         0  stubs.o ABSOLUTE
    _printf_longlong_dec                     0x00000000   Number         0  stubs.o ABSOLUTE
    _printf_longlong_hex                     0x00000000   Number         0  stubs.o ABSOLUTE
    _printf_longlong_oct                     0x00000000   Number         0  stubs.o ABSOLUTE
    _printf_ls                               0x00000000   Number         0  stubs.o ABSOLUTE
    _printf_mbtowc                           0x00000000   Number         0  stubs.o ABSOLUTE
    _printf_n                                0x00000000   Number         0  stubs.o ABSOLUTE
    _printf_o                                0x00000000   Number         0  stubs.o ABSOLUTE
    _printf_p                                0x00000000   Number         0  stubs.o ABSOLUTE
    _printf_percent                          0x00000000   Number         0  stubs.o ABSOLUTE
    _printf_pre_padding                      0x00000000   Number         0  stubs.o ABSOLUTE
    _printf_return_value                     0x00000000   Number         0  stubs.o ABSOLUTE
    _printf_s                                0x00000000   Number         0  stubs.o ABSOLUTE
    _printf_sizespec                         0x00000000   Number         0  stubs.o ABSOLUTE
    _printf_str                              0x00000000   Number         0  stubs.o ABSOLUTE
    _printf_truncate_signed                  0x00000000   Number         0  stubs.o ABSOLUTE
    _printf_truncate_unsigned                0x00000000   Number         0  stubs.o ABSOLUTE
    _printf_u                                0x00000000   Number         0  stubs.o ABSOLUTE
    _printf_wc                               0x00000000   Number         0  stubs.o ABSOLUTE
    _printf_wctomb                           0x00000000   Number         0  stubs.o ABSOLUTE
    _printf_widthprec                        0x00000000   Number         0  stubs.o ABSOLUTE
    _printf_x                                0x00000000   Number         0  stubs.o ABSOLUTE
    __cpp_initialize__aeabi_                  - Undefined Weak Reference
    __cxa_finalize                            - Undefined Weak Reference
    __decompress                              - Undefined Weak Reference
    _clock_init                               - Undefined Weak Reference
    _microlib_exit                            - Undefined Weak Reference
    __Vectors_Size                           0x000001f8   Number         0  startup_stm32f767xx.o ABSOLUTE
    __Vectors                                0x08000000   Data           4  startup_stm32f767xx.o(RESET)
    __Vectors_End                            0x080001f8   Data           0  startup_stm32f767xx.o(RESET)
    __main                                   0x080001f9   Thumb Code     0  entry.o(.ARM.Collect$$$$00000000)
    _main_stk                                0x080001f9   Thumb Code     0  entry2.o(.ARM.Collect$$$$00000001)
    _main_scatterload                        0x080001fd   Thumb Code     0  entry5.o(.ARM.Collect$$$$00000004)
    __main_after_scatterload                 0x08000201   Thumb Code     0  entry5.o(.ARM.Collect$$$$00000004)
    _main_clock                              0x08000201   Thumb Code     0  entry7b.o(.ARM.Collect$$$$00000008)
    _main_cpp_init                           0x08000201   Thumb Code     0  entry8b.o(.ARM.Collect$$$$0000000A)
    _main_init                               0x08000201   Thumb Code     0  entry9a.o(.ARM.Collect$$$$0000000B)
    __rt_final_cpp                           0x08000209   Thumb Code     0  entry10a.o(.ARM.Collect$$$$0000000D)
    __rt_final_exit                          0x08000209   Thumb Code     0  entry11a.o(.ARM.Collect$$$$0000000F)
    Reset_Handler                            0x0800020d   Thumb Code     8  startup_stm32f767xx.o(.text)
    ADC_IRQHandler                           0x08000227   Thumb Code     0  startup_stm32f767xx.o(.text)
    CAN1_RX1_IRQHandler                      0x08000227   Thumb Code     0  startup_stm32f767xx.o(.text)
    CAN1_SCE_IRQHandler                      0x08000227   Thumb Code     0  startup_stm32f767xx.o(.text)
    CAN1_TX_IRQHandler                       0x08000227   Thumb Code     0  startup_stm32f767xx.o(.text)
    CAN2_RX0_IRQHandler                      0x08000227   Thumb Code     0  startup_stm32f767xx.o(.text)
    CAN2_RX1_IRQHandler                      0x08000227   Thumb Code     0  startup_stm32f767xx.o(.text)
    CAN2_SCE_IRQHandler                      0x08000227   Thumb Code     0  startup_stm32f767xx.o(.text)
    CAN2_TX_IRQHandler                       0x08000227   Thumb Code     0  startup_stm32f767xx.o(.text)
    CAN3_RX0_IRQHandler                      0x08000227   Thumb Code     0  startup_stm32f767xx.o(.text)
    CAN3_RX1_IRQHandler                      0x08000227   Thumb Code     0  startup_stm32f767xx.o(.text)
    CAN3_SCE_IRQHandler                      0x08000227   Thumb Code     0  startup_stm32f767xx.o(.text)
    CAN3_TX_IRQHandler                       0x08000227   Thumb Code     0  startup_stm32f767xx.o(.text)
    CEC_IRQHandler                           0x08000227   Thumb Code     0  startup_stm32f767xx.o(.text)
    DCMI_IRQHandler                          0x08000227   Thumb Code     0  startup_stm32f767xx.o(.text)
    DFSDM1_FLT0_IRQHandler                   0x08000227   Thumb Code     0  startup_stm32f767xx.o(.text)
    DFSDM1_FLT1_IRQHandler                   0x08000227   Thumb Code     0  startup_stm32f767xx.o(.text)
    DFSDM1_FLT2_IRQHandler                   0x08000227   Thumb Code     0  startup_stm32f767xx.o(.text)
    DFSDM1_FLT3_IRQHandler                   0x08000227   Thumb Code     0  startup_stm32f767xx.o(.text)
    DMA1_Stream0_IRQHandler                  0x08000227   Thumb Code     0  startup_stm32f767xx.o(.text)
    DMA1_Stream1_IRQHandler                  0x08000227   Thumb Code     0  startup_stm32f767xx.o(.text)
    DMA1_Stream2_IRQHandler                  0x08000227   Thumb Code     0  startup_stm32f767xx.o(.text)
    DMA1_Stream3_IRQHandler                  0x08000227   Thumb Code     0  startup_stm32f767xx.o(.text)
    DMA1_Stream4_IRQHandler                  0x08000227   Thumb Code     0  startup_stm32f767xx.o(.text)
    DMA1_Stream5_IRQHandler                  0x08000227   Thumb Code     0  startup_stm32f767xx.o(.text)
    DMA1_Stream6_IRQHandler                  0x08000227   Thumb Code     0  startup_stm32f767xx.o(.text)
    DMA1_Stream7_IRQHandler                  0x08000227   Thumb Code     0  startup_stm32f767xx.o(.text)
    DMA2D_IRQHandler                         0x08000227   Thumb Code     0  startup_stm32f767xx.o(.text)
    DMA2_Stream0_IRQHandler                  0x08000227   Thumb Code     0  startup_stm32f767xx.o(.text)
    DMA2_Stream1_IRQHandler                  0x08000227   Thumb Code     0  startup_stm32f767xx.o(.text)
    DMA2_Stream2_IRQHandler                  0x08000227   Thumb Code     0  startup_stm32f767xx.o(.text)
    DMA2_Stream3_IRQHandler                  0x08000227   Thumb Code     0  startup_stm32f767xx.o(.text)
    DMA2_Stream4_IRQHandler                  0x08000227   Thumb Code     0  startup_stm32f767xx.o(.text)
    DMA2_Stream5_IRQHandler                  0x08000227   Thumb Code     0  startup_stm32f767xx.o(.text)
    DMA2_Stream6_IRQHandler                  0x08000227   Thumb Code     0  startup_stm32f767xx.o(.text)
    DMA2_Stream7_IRQHandler                  0x08000227   Thumb Code     0  startup_stm32f767xx.o(.text)
    ETH_IRQHandler                           0x08000227   Thumb Code     0  startup_stm32f767xx.o(.text)
    ETH_WKUP_IRQHandler                      0x08000227   Thumb Code     0  startup_stm32f767xx.o(.text)
    EXTI0_IRQHandler                         0x08000227   Thumb Code     0  startup_stm32f767xx.o(.text)
    EXTI15_10_IRQHandler                     0x08000227   Thumb Code     0  startup_stm32f767xx.o(.text)
    EXTI1_IRQHandler                         0x08000227   Thumb Code     0  startup_stm32f767xx.o(.text)
    EXTI2_IRQHandler                         0x08000227   Thumb Code     0  startup_stm32f767xx.o(.text)
    EXTI3_IRQHandler                         0x08000227   Thumb Code     0  startup_stm32f767xx.o(.text)
    EXTI4_IRQHandler                         0x08000227   Thumb Code     0  startup_stm32f767xx.o(.text)
    EXTI9_5_IRQHandler                       0x08000227   Thumb Code     0  startup_stm32f767xx.o(.text)
    FLASH_IRQHandler                         0x08000227   Thumb Code     0  startup_stm32f767xx.o(.text)
    FMC_IRQHandler                           0x08000227   Thumb Code     0  startup_stm32f767xx.o(.text)
    FPU_IRQHandler                           0x08000227   Thumb Code     0  startup_stm32f767xx.o(.text)
    I2C1_ER_IRQHandler                       0x08000227   Thumb Code     0  startup_stm32f767xx.o(.text)
    I2C1_EV_IRQHandler                       0x08000227   Thumb Code     0  startup_stm32f767xx.o(.text)
    I2C2_ER_IRQHandler                       0x08000227   Thumb Code     0  startup_stm32f767xx.o(.text)
    I2C2_EV_IRQHandler                       0x08000227   Thumb Code     0  startup_stm32f767xx.o(.text)
    I2C3_ER_IRQHandler                       0x08000227   Thumb Code     0  startup_stm32f767xx.o(.text)
    I2C3_EV_IRQHandler                       0x08000227   Thumb Code     0  startup_stm32f767xx.o(.text)
    I2C4_ER_IRQHandler                       0x08000227   Thumb Code     0  startup_stm32f767xx.o(.text)
    I2C4_EV_IRQHandler                       0x08000227   Thumb Code     0  startup_stm32f767xx.o(.text)
    JPEG_IRQHandler                          0x08000227   Thumb Code     0  startup_stm32f767xx.o(.text)
    LPTIM1_IRQHandler                        0x08000227   Thumb Code     0  startup_stm32f767xx.o(.text)
    LTDC_ER_IRQHandler                       0x08000227   Thumb Code     0  startup_stm32f767xx.o(.text)
    LTDC_IRQHandler                          0x08000227   Thumb Code     0  startup_stm32f767xx.o(.text)
    MDIOS_IRQHandler                         0x08000227   Thumb Code     0  startup_stm32f767xx.o(.text)
    OTG_FS_IRQHandler                        0x08000227   Thumb Code     0  startup_stm32f767xx.o(.text)
    OTG_FS_WKUP_IRQHandler                   0x08000227   Thumb Code     0  startup_stm32f767xx.o(.text)
    OTG_HS_EP1_IN_IRQHandler                 0x08000227   Thumb Code     0  startup_stm32f767xx.o(.text)
    OTG_HS_EP1_OUT_IRQHandler                0x08000227   Thumb Code     0  startup_stm32f767xx.o(.text)
    OTG_HS_IRQHandler                        0x08000227   Thumb Code     0  startup_stm32f767xx.o(.text)
    OTG_HS_WKUP_IRQHandler                   0x08000227   Thumb Code     0  startup_stm32f767xx.o(.text)
    PVD_IRQHandler                           0x08000227   Thumb Code     0  startup_stm32f767xx.o(.text)
    QUADSPI_IRQHandler                       0x08000227   Thumb Code     0  startup_stm32f767xx.o(.text)
    RCC_IRQHandler                           0x08000227   Thumb Code     0  startup_stm32f767xx.o(.text)
    RNG_IRQHandler                           0x08000227   Thumb Code     0  startup_stm32f767xx.o(.text)
    RTC_Alarm_IRQHandler                     0x08000227   Thumb Code     0  startup_stm32f767xx.o(.text)
    RTC_WKUP_IRQHandler                      0x08000227   Thumb Code     0  startup_stm32f767xx.o(.text)
    SAI1_IRQHandler                          0x08000227   Thumb Code     0  startup_stm32f767xx.o(.text)
    SAI2_IRQHandler                          0x08000227   Thumb Code     0  startup_stm32f767xx.o(.text)
    SDMMC1_IRQHandler                        0x08000227   Thumb Code     0  startup_stm32f767xx.o(.text)
    SDMMC2_IRQHandler                        0x08000227   Thumb Code     0  startup_stm32f767xx.o(.text)
    SPDIF_RX_IRQHandler                      0x08000227   Thumb Code     0  startup_stm32f767xx.o(.text)
    SPI1_IRQHandler                          0x08000227   Thumb Code     0  startup_stm32f767xx.o(.text)
    SPI2_IRQHandler                          0x08000227   Thumb Code     0  startup_stm32f767xx.o(.text)
    SPI3_IRQHandler                          0x08000227   Thumb Code     0  startup_stm32f767xx.o(.text)
    SPI4_IRQHandler                          0x08000227   Thumb Code     0  startup_stm32f767xx.o(.text)
    SPI5_IRQHandler                          0x08000227   Thumb Code     0  startup_stm32f767xx.o(.text)
    SPI6_IRQHandler                          0x08000227   Thumb Code     0  startup_stm32f767xx.o(.text)
    TAMP_STAMP_IRQHandler                    0x08000227   Thumb Code     0  startup_stm32f767xx.o(.text)
    TIM1_BRK_TIM9_IRQHandler                 0x08000227   Thumb Code     0  startup_stm32f767xx.o(.text)
    TIM1_CC_IRQHandler                       0x08000227   Thumb Code     0  startup_stm32f767xx.o(.text)
    TIM1_TRG_COM_TIM11_IRQHandler            0x08000227   Thumb Code     0  startup_stm32f767xx.o(.text)
    TIM1_UP_TIM10_IRQHandler                 0x08000227   Thumb Code     0  startup_stm32f767xx.o(.text)
    TIM4_IRQHandler                          0x08000227   Thumb Code     0  startup_stm32f767xx.o(.text)
    TIM5_IRQHandler                          0x08000227   Thumb Code     0  startup_stm32f767xx.o(.text)
    TIM6_DAC_IRQHandler                      0x08000227   Thumb Code     0  startup_stm32f767xx.o(.text)
    TIM7_IRQHandler                          0x08000227   Thumb Code     0  startup_stm32f767xx.o(.text)
    TIM8_BRK_TIM12_IRQHandler                0x08000227   Thumb Code     0  startup_stm32f767xx.o(.text)
    TIM8_CC_IRQHandler                       0x08000227   Thumb Code     0  startup_stm32f767xx.o(.text)
    TIM8_TRG_COM_TIM14_IRQHandler            0x08000227   Thumb Code     0  startup_stm32f767xx.o(.text)
    TIM8_UP_TIM13_IRQHandler                 0x08000227   Thumb Code     0  startup_stm32f767xx.o(.text)
    UART4_IRQHandler                         0x08000227   Thumb Code     0  startup_stm32f767xx.o(.text)
    UART5_IRQHandler                         0x08000227   Thumb Code     0  startup_stm32f767xx.o(.text)
    UART7_IRQHandler                         0x08000227   Thumb Code     0  startup_stm32f767xx.o(.text)
    UART8_IRQHandler                         0x08000227   Thumb Code     0  startup_stm32f767xx.o(.text)
    USART3_IRQHandler                        0x08000227   Thumb Code     0  startup_stm32f767xx.o(.text)
    USART6_IRQHandler                        0x08000227   Thumb Code     0  startup_stm32f767xx.o(.text)
    WWDG_IRQHandler                          0x08000227   Thumb Code     0  startup_stm32f767xx.o(.text)
    __aeabi_uidiv                            0x08000231   Thumb Code     0  uidiv.o(.text)
    __aeabi_uidivmod                         0x08000231   Thumb Code    44  uidiv.o(.text)
    __aeabi_uldivmod                         0x0800025d   Thumb Code    98  uldiv.o(.text)
    __I$use$fp                               0x080002bf   Thumb Code     0  iusefp.o(.text)
    __aeabi_dadd                             0x080002bf   Thumb Code   322  dadd.o(.text)
    __aeabi_dsub                             0x08000401   Thumb Code     6  dadd.o(.text)
    __aeabi_drsub                            0x08000407   Thumb Code     6  dadd.o(.text)
    __aeabi_dmul                             0x0800040d   Thumb Code   228  dmul.o(.text)
    __aeabi_ddiv                             0x080004f1   Thumb Code   222  ddiv.o(.text)
    __aeabi_d2ulz                            0x080005cf   Thumb Code    48  dfixul.o(.text)
    __aeabi_cdrcmple                         0x08000601   Thumb Code    48  cdrcmple.o(.text)
    __scatterload                            0x08000631   Thumb Code    28  init.o(.text)
    __scatterload_rt2                        0x08000631   Thumb Code     0  init.o(.text)
    __aeabi_llsl                             0x08000655   Thumb Code    30  llshl.o(.text)
    _ll_shift_l                              0x08000655   Thumb Code     0  llshl.o(.text)
    __aeabi_llsr                             0x08000673   Thumb Code    32  llushr.o(.text)
    _ll_ushift_r                             0x08000673   Thumb Code     0  llushr.o(.text)
    __aeabi_lasr                             0x08000693   Thumb Code    36  llsshr.o(.text)
    _ll_sshift_r                             0x08000693   Thumb Code     0  llsshr.o(.text)
    _double_round                            0x080006b7   Thumb Code    30  depilogue.o(.text)
    _double_epilogue                         0x080006d5   Thumb Code   156  depilogue.o(.text)
    BusFault_Handler                         0x08000771   Thumb Code     2  stm32f7xx_it.o(i.BusFault_Handler)
    CAN1_Mode_Init                           0x08000775   Thumb Code   146  can.o(i.CAN1_Mode_Init)
    CAN1_RX0_IRQHandler                      0x08000811   Thumb Code     6  can.o(i.CAN1_RX0_IRQHandler)
    CAN1_Send_Msg                            0x0800081d   Thumb Code    78  can.o(i.CAN1_Send_Msg)
    CAN_Decode                               0x08000871   Thumb Code   208  can.o(i.CAN_Decode)
    Cache_Enable                             0x08000aa1   Thumb Code   116  sys.o(i.Cache_Enable)
    DCDC_CAN_Init                            0x08000b29   Thumb Code    46  can.o(i.DCDC_CAN_Init)
    DCDC_CAN_Set                             0x08000b59   Thumb Code   122  can.o(i.DCDC_CAN_Set)
    DebugMon_Handler                         0x08000be5   Thumb Code     2  stm32f7xx_it.o(i.DebugMon_Handler)
    FMC_NORSRAM_Extended_Timing_Init         0x08000be9   Thumb Code    68  stm32f7xx_ll_fmc.o(i.FMC_NORSRAM_Extended_Timing_Init)
    FMC_NORSRAM_Init                         0x08000c31   Thumb Code   120  stm32f7xx_ll_fmc.o(i.FMC_NORSRAM_Init)
    FMC_NORSRAM_Timing_Init                  0x08000cad   Thumb Code    96  stm32f7xx_ll_fmc.o(i.FMC_NORSRAM_Timing_Init)
    HAL_ADC_Init                             0x08000d11   Thumb Code   378  stm32f7xx_hal_adc.o(i.HAL_ADC_Init)
    HAL_ADC_MspInit                          0x08000e99   Thumb Code    96  adc.o(i.HAL_ADC_MspInit)
    HAL_CAN_ConfigFilter                     0x08000f09   Thumb Code   266  stm32f7xx_hal_can.o(i.HAL_CAN_ConfigFilter)
    HAL_CAN_ErrorCallback                    0x0800101d   Thumb Code     2  stm32f7xx_hal_can.o(i.HAL_CAN_ErrorCallback)
    HAL_CAN_IRQHandler                       0x08001021   Thumb Code   438  stm32f7xx_hal_can.o(i.HAL_CAN_IRQHandler)
    HAL_CAN_Init                             0x080011e5   Thumb Code   352  stm32f7xx_hal_can.o(i.HAL_CAN_Init)
    HAL_CAN_MspInit                          0x08001345   Thumb Code   104  can.o(i.HAL_CAN_MspInit)
    HAL_CAN_Receive_IT                       0x080013bd   Thumb Code    90  stm32f7xx_hal_can.o(i.HAL_CAN_Receive_IT)
    HAL_CAN_RxCpltCallback                   0x08001419   Thumb Code    34  can.o(i.HAL_CAN_RxCpltCallback)
    HAL_CAN_Transmit                         0x08001449   Thumb Code   438  stm32f7xx_hal_can.o(i.HAL_CAN_Transmit)
    HAL_CAN_TxCpltCallback                   0x0800160d   Thumb Code     2  stm32f7xx_hal_can.o(i.HAL_CAN_TxCpltCallback)
    HAL_DMA_Abort_IT                         0x0800160f   Thumb Code    36  stm32f7xx_hal_dma.o(i.HAL_DMA_Abort_IT)
    HAL_GPIO_Init                            0x08001635   Thumb Code   564  stm32f7xx_hal_gpio.o(i.HAL_GPIO_Init)
    HAL_GPIO_ReadPin                         0x08001879   Thumb Code    10  stm32f7xx_hal_gpio.o(i.HAL_GPIO_ReadPin)
    HAL_GPIO_TogglePin                       0x08001883   Thumb Code     8  stm32f7xx_hal_gpio.o(i.HAL_GPIO_TogglePin)
    HAL_GPIO_WritePin                        0x0800188b   Thumb Code    10  stm32f7xx_hal_gpio.o(i.HAL_GPIO_WritePin)
    HAL_GetTick                              0x08001895   Thumb Code     6  stm32f7xx_hal.o(i.HAL_GetTick)
    HAL_IncTick                              0x080018a1   Thumb Code    10  stm32f7xx_hal.o(i.HAL_IncTick)
    HAL_Init                                 0x080018b1   Thumb Code    32  stm32f7xx_hal.o(i.HAL_Init)
    HAL_InitTick                             0x080018d5   Thumb Code    34  stm32f7xx_hal.o(i.HAL_InitTick)
    HAL_LTDC_ConfigLayer                     0x080018fd   Thumb Code    88  stm32f7xx_hal_ltdc.o(i.HAL_LTDC_ConfigLayer)
    HAL_LTDC_Init                            0x08001955   Thumb Code   262  stm32f7xx_hal_ltdc.o(i.HAL_LTDC_Init)
    HAL_LTDC_MspInit                         0x08001a61   Thumb Code   216  ltdc.o(i.HAL_LTDC_MspInit)
    HAL_LTDC_SetWindowPosition               0x08001b55   Thumb Code    88  stm32f7xx_hal_ltdc.o(i.HAL_LTDC_SetWindowPosition)
    HAL_LTDC_SetWindowSize                   0x08001bad   Thumb Code    84  stm32f7xx_hal_ltdc.o(i.HAL_LTDC_SetWindowSize)
    HAL_MPU_ConfigRegion                     0x08001c01   Thumb Code    80  stm32f7xx_hal_cortex.o(i.HAL_MPU_ConfigRegion)
    HAL_MspInit                              0x08001c55   Thumb Code     2  stm32f7xx_hal.o(i.HAL_MspInit)
    HAL_NVIC_EnableIRQ                       0x08001c57   Thumb Code    24  stm32f7xx_hal_cortex.o(i.HAL_NVIC_EnableIRQ)
    HAL_NVIC_SetPriority                     0x08001c71   Thumb Code    94  stm32f7xx_hal_cortex.o(i.HAL_NVIC_SetPriority)
    HAL_NVIC_SetPriorityGrouping             0x08001cd5   Thumb Code    30  stm32f7xx_hal_cortex.o(i.HAL_NVIC_SetPriorityGrouping)
    HAL_PWREx_EnableOverDrive                0x08001cf9   Thumb Code   114  stm32f7xx_hal_pwr_ex.o(i.HAL_PWREx_EnableOverDrive)
    HAL_RCCEx_PeriphCLKConfig                0x08001d75   Thumb Code  1872  stm32f7xx_hal_rcc_ex.o(i.HAL_RCCEx_PeriphCLKConfig)
    HAL_RCC_ClockConfig                      0x080024cd   Thumb Code   368  stm32f7xx_hal_rcc.o(i.HAL_RCC_ClockConfig)
    HAL_RCC_GetPCLK1Freq                     0x08002651   Thumb Code    34  stm32f7xx_hal_rcc.o(i.HAL_RCC_GetPCLK1Freq)
    HAL_RCC_GetPCLK2Freq                     0x08002681   Thumb Code    34  stm32f7xx_hal_rcc.o(i.HAL_RCC_GetPCLK2Freq)
    HAL_RCC_GetSysClockFreq                  0x080026b1   Thumb Code   136  stm32f7xx_hal_rcc.o(i.HAL_RCC_GetSysClockFreq)
    HAL_RCC_OscConfig                        0x08002749   Thumb Code   942  stm32f7xx_hal_rcc_ex.o(i.HAL_RCC_OscConfig)
    HAL_SRAM_Init                            0x08002b0d   Thumb Code    86  stm32f7xx_hal_sram.o(i.HAL_SRAM_Init)
    HAL_SRAM_MspInit                         0x08002b65   Thumb Code   108  lcd.o(i.HAL_SRAM_MspInit)
    HAL_SYSTICK_CLKSourceConfig              0x08002be1   Thumb Code    22  stm32f7xx_hal_cortex.o(i.HAL_SYSTICK_CLKSourceConfig)
    HAL_SYSTICK_Config                       0x08002bf9   Thumb Code    38  stm32f7xx_hal_cortex.o(i.HAL_SYSTICK_Config)
    HAL_TIMEx_BreakCallback                  0x08002c25   Thumb Code     2  stm32f7xx_hal_tim_ex.o(i.HAL_TIMEx_BreakCallback)
    HAL_TIMEx_CommutationCallback            0x08002c27   Thumb Code     2  stm32f7xx_hal_tim_ex.o(i.HAL_TIMEx_CommutationCallback)
    HAL_TIM_Base_Init                        0x08002c29   Thumb Code    50  stm32f7xx_hal_tim.o(i.HAL_TIM_Base_Init)
    HAL_TIM_Base_MspInit                     0x08002c5d   Thumb Code    96  timer.o(i.HAL_TIM_Base_MspInit)
    HAL_TIM_Base_Start_IT                    0x08002cc1   Thumb Code    24  stm32f7xx_hal_tim.o(i.HAL_TIM_Base_Start_IT)
    HAL_TIM_IC_CaptureCallback               0x08002cd9   Thumb Code     2  stm32f7xx_hal_tim.o(i.HAL_TIM_IC_CaptureCallback)
    HAL_TIM_IRQHandler                       0x08002cdb   Thumb Code   390  stm32f7xx_hal_tim.o(i.HAL_TIM_IRQHandler)
    HAL_TIM_OC_DelayElapsedCallback          0x08002e61   Thumb Code     2  stm32f7xx_hal_tim.o(i.HAL_TIM_OC_DelayElapsedCallback)
    HAL_TIM_PWM_PulseFinishedCallback        0x08002e63   Thumb Code     2  stm32f7xx_hal_tim.o(i.HAL_TIM_PWM_PulseFinishedCallback)
    HAL_TIM_PeriodElapsedCallback            0x08002e65   Thumb Code    22  timer.o(i.HAL_TIM_PeriodElapsedCallback)
    HAL_TIM_TriggerCallback                  0x08002e89   Thumb Code     2  stm32f7xx_hal_tim.o(i.HAL_TIM_TriggerCallback)
    HAL_UART_ErrorCallback                   0x08002e8b   Thumb Code     2  stm32f7xx_hal_uart.o(i.HAL_UART_ErrorCallback)
    HAL_UART_GetState                        0x08002e8d   Thumb Code    12  stm32f7xx_hal_uart.o(i.HAL_UART_GetState)
    HAL_UART_IRQHandler                      0x08002e99   Thumb Code   454  stm32f7xx_hal_uart.o(i.HAL_UART_IRQHandler)
    HAL_UART_Init                            0x08003065   Thumb Code   110  stm32f7xx_hal_uart.o(i.HAL_UART_Init)
    HAL_UART_MspInit                         0x080030d5   Thumb Code   226  usart.o(i.HAL_UART_MspInit)
    HAL_UART_Receive_IT                      0x080031c9   Thumb Code   160  stm32f7xx_hal_uart.o(i.HAL_UART_Receive_IT)
    HAL_UART_RxCpltCallback                  0x08003269   Thumb Code   138  usart.o(i.HAL_UART_RxCpltCallback)
    HAL_UART_TxCpltCallback                  0x08003305   Thumb Code     2  stm32f7xx_hal_uart.o(i.HAL_UART_TxCpltCallback)
    HardFault_Handler                        0x08003307   Thumb Code     2  stm32f7xx_it.o(i.HardFault_Handler)
    LCD_Auto_Placement                       0x08003309   Thumb Code   260  lcd.o(i.LCD_Auto_Placement)
    LCD_Display_Dir                          0x080034b1   Thumb Code   252  lcd.o(i.LCD_Display_Dir)
    LCD_FLOAT_Show                           0x080035b5   Thumb Code   302  lcd.o(i.LCD_FLOAT_Show)
    LCD_Fast_DrawPoint                       0x080036f5   Thumb Code   594  lcd.o(i.LCD_Fast_DrawPoint)
    LCD_Init                                 0x08003955   Thumb Code 19004  lcd.o(i.LCD_Init)
    LCD_MPU_Config                           0x080083a1   Thumb Code   100  lcd.o(i.LCD_MPU_Config)
    LCD_SSD_BackLightSet                     0x08008411   Thumb Code   170  lcd.o(i.LCD_SSD_BackLightSet)
    LCD_Scan_Dir                             0x080084d1   Thumb Code   786  lcd.o(i.LCD_Scan_Dir)
    LCD_SetCursor                            0x080087ed   Thumb Code   692  lcd.o(i.LCD_SetCursor)
    LCD_ShowChar                             0x08008aa9   Thumb Code   272  lcd.o(i.LCD_ShowChar)
    LCD_ShowString                           0x08008bc5   Thumb Code    98  lcd.o(i.LCD_ShowString)
    LCD_ShowxNum                             0x08008c29   Thumb Code   180  lcd.o(i.LCD_ShowxNum)
    LED_Init                                 0x08008ce1   Thumb Code    68  led.o(i.LED_Init)
    LTDC_Clear                               0x08008d2d   Thumb Code    28  ltdc.o(i.LTDC_Clear)
    LTDC_Display_Dir                         0x08008d4d   Thumb Code    34  ltdc.o(i.LTDC_Display_Dir)
    LTDC_Draw_Point                          0x08008d75   Thumb Code    58  ltdc.o(i.LTDC_Draw_Point)
    LTDC_Fill                                0x08008db9   Thumb Code   166  ltdc.o(i.LTDC_Fill)
    LTDC_Init                                0x08008e71   Thumb Code   470  ltdc.o(i.LTDC_Init)
    LTDC_Layer_Parameter_Config              0x08009065   Thumb Code    86  ltdc.o(i.LTDC_Layer_Parameter_Config)
    LTDC_PanelID_Read                        0x080090c5   Thumb Code   176  ltdc.o(i.LTDC_PanelID_Read)
    MY_ADC_Init                              0x08009351   Thumb Code    46  adc.o(i.MY_ADC_Init)
    MemManage_Handler                        0x0800938d   Thumb Code     2  stm32f7xx_it.o(i.MemManage_Handler)
    NMI_Handler                              0x0800938f   Thumb Code     2  stm32f7xx_it.o(i.NMI_Handler)
    PendSV_Handler                           0x08009391   Thumb Code     2  stm32f7xx_it.o(i.PendSV_Handler)
    SPI_Init                                 0x08009395   Thumb Code   120  spi.o(i.SPI_Init)
    SVC_Handler                              0x08009419   Thumb Code     2  stm32f7xx_it.o(i.SVC_Handler)
    Stm32_Clock_Init                         0x0800941d   Thumb Code   152  sys.o(i.Stm32_Clock_Init)
    SysTick_Handler                          0x080094bd   Thumb Code     4  stm32f7xx_it.o(i.SysTick_Handler)
    SystemInit                               0x080094c1   Thumb Code    64  system_stm32f7xx.o(i.SystemInit)
    TIM2_IRQHandler                          0x08009519   Thumb Code     6  timer.o(i.TIM2_IRQHandler)
    TIM3_IRQHandler                          0x08009525   Thumb Code     6  timer.o(i.TIM3_IRQHandler)
    TIM3_Init                                0x08009531   Thumb Code    34  timer.o(i.TIM3_Init)
    TIM_Base_SetConfig                       0x0800955d   Thumb Code   180  stm32f7xx_hal_tim.o(i.TIM_Base_SetConfig)
    UART_AdvFeatureConfig                    0x08009625   Thumb Code   218  stm32f7xx_hal_uart.o(i.UART_AdvFeatureConfig)
    UART_CheckIdleState                      0x080096ff   Thumb Code    96  stm32f7xx_hal_uart.o(i.UART_CheckIdleState)
    UART_SetConfig                           0x080097f5   Thumb Code   664  stm32f7xx_hal_uart.o(i.UART_SetConfig)
    UART_WaitOnFlagUntilTimeout              0x08009a9d   Thumb Code   116  stm32f7xx_hal_uart.o(i.UART_WaitOnFlagUntilTimeout)
    USART1_IRQHandler                        0x08009b11   Thumb Code    80  usart.o(i.USART1_IRQHandler)
    USART2_IRQHandler                        0x08009b6d   Thumb Code    80  usart.o(i.USART2_IRQHandler)
    UsageFault_Handler                       0x08009bc9   Thumb Code     2  stm32f7xx_it.o(i.UsageFault_Handler)
    __0printf                                0x08009bcd   Thumb Code    22  printfa.o(i.__0printf)
    __1printf                                0x08009bcd   Thumb Code     0  printfa.o(i.__0printf)
    __2printf                                0x08009bcd   Thumb Code     0  printfa.o(i.__0printf)
    __c89printf                              0x08009bcd   Thumb Code     0  printfa.o(i.__0printf)
    printf                                   0x08009bcd   Thumb Code     0  printfa.o(i.__0printf)
    __scatterload_copy                       0x08009bed   Thumb Code    14  handlers.o(i.__scatterload_copy)
    __scatterload_null                       0x08009bfb   Thumb Code     2  handlers.o(i.__scatterload_null)
    __scatterload_zeroinit                   0x08009bfd   Thumb Code    14  handlers.o(i.__scatterload_zeroinit)
    delay_init                               0x0800a4c1   Thumb Code    16  delay.o(i.delay_init)
    delay_ms                                 0x0800a4d5   Thumb Code    70  delay.o(i.delay_ms)
    delay_us                                 0x0800a521   Thumb Code    46  delay.o(i.delay_us)
    fputc                                    0x0800a555   Thumb Code    16  usart.o(i.fputc)
    main                                     0x0800a569   Thumb Code   624  main.o(i.main)
    uart2_init                               0x0800a81d   Thumb Code    48  usart.o(i.uart2_init)
    uart_init                                0x0800a859   Thumb Code    44  usart.o(i.uart_init)
    AHBPrescTable                            0x0800a890   Data          16  system_stm32f7xx.o(.constdata)
    APBPrescTable                            0x0800a8a0   Data           8  system_stm32f7xx.o(.constdata)
    asc2_1206                                0x0800a8a8   Data        1140  lcd.o(.constdata)
    asc2_1608                                0x0800ad1c   Data        1520  lcd.o(.constdata)
    asc2_2412                                0x0800b30c   Data        3420  lcd.o(.constdata)
    asc2_3216                                0x0800c068   Data       12160  lcd.o(.constdata)
    Region$$Table$$Base                      0x0800efe8   Number         0  anon$$obj.o(Region$$Table)
    Region$$Table$$Limit                     0x0800f008   Number         0  anon$$obj.o(Region$$Table)
    SystemCoreClock                          0x20020000   Data           4  system_stm32f7xx.o(.data)
    aRxBuffer                                0x20020008   Data           1  usart.o(.data)
    USART2_RxBuffer                          0x20020009   Data           1  usart.o(.data)
    USART_RX_STA                             0x2002000a   Data           2  usart.o(.data)
    USART2_RX_STA                            0x2002000c   Data           2  usart.o(.data)
    USART2_RX_BUF                            0x2002000e   Data           8  usart.o(.data)
    __stdout                                 0x20020018   Data           4  usart.o(.data)
    uwTick                                   0x2002001c   Data           4  stm32f7xx_hal.o(.data)
    TIM2_FLAG                                0x20020020   Data           1  timer.o(.data)
    TIM3_FLAG                                0x20020021   Data           1  timer.o(.data)
    POINT_COLOR                              0x20020024   Data           4  lcd.o(.data)
    BACK_COLOR                               0x20020028   Data           4  lcd.o(.data)
    ltdc_framebuf                            0x2002002c   Data           8  ltdc.o(.data)
    ID_FLAG                                  0x20020034   Data           1  can.o(.data)
    USART_RX_BUF                             0x20020038   Data         200  usart.o(.bss)
    UART1_Handler                            0x20020100   Data         112  usart.o(.bss)
    USART2_Handler                           0x20020170   Data         112  usart.o(.bss)
    TIM3_Handler                             0x200201e0   Data          60  timer.o(.bss)
    TIM2_Handler                             0x2002021c   Data          60  timer.o(.bss)
    TIM7_Handler                             0x20020258   Data          60  timer.o(.bss)
    ADC1_Handler                             0x20020294   Data          72  adc.o(.bss)
    ADCChan4                                 0x200202dc   Data          16  adc.o(.bss)
    SRAM_Handler                             0x200202ec   Data          76  lcd.o(.bss)
    lcddev                                   0x20020338   Data          14  lcd.o(.bss)
    LTDC_Handler                             0x20020348   Data         168  ltdc.o(.bss)
    lcdltdc                                  0x200203f0   Data          32  ltdc.o(.bss)
    CAN1_Handler                             0x20020410   Data          64  can.o(.bss)
    TxMessage                                0x20020450   Data          28  can.o(.bss)
    RxMessage                                0x2002046c   Data          36  can.o(.bss)
    DCDC                                     0x20020490   Data          24  can.o(.bss)
    __initial_sp                             0x200208a8   Data           0  startup_stm32f767xx.o(STACK)
    ltdc_lcd_framebuf                        0xc0000000   Data       2048000  ltdc.o(.ARM.__AT_0xC0000000)



==============================================================================

Memory Map of the image

  Image Entry point : 0x080001f9

  Load Region LR_IROM1 (Base: 0x08000000, Size: 0x0000f040, Max: 0x00100000, ABSOLUTE)

    Execution Region ER_IROM1 (Base: 0x08000000, Size: 0x0000f008, Max: 0x00100000, ABSOLUTE)

    Base Addr    Size         Type   Attr      Idx    E Section Name        Object

    0x08000000   0x000001f8   Data   RO          764    RESET               startup_stm32f767xx.o
    0x080001f8   0x00000000   Code   RO         4755  * .ARM.Collect$$$$00000000  mc_w.l(entry.o)
    0x080001f8   0x00000004   Code   RO         5019    .ARM.Collect$$$$00000001  mc_w.l(entry2.o)
    0x080001fc   0x00000004   Code   RO         5022    .ARM.Collect$$$$00000004  mc_w.l(entry5.o)
    0x08000200   0x00000000   Code   RO         5024    .ARM.Collect$$$$00000008  mc_w.l(entry7b.o)
    0x08000200   0x00000000   Code   RO         5026    .ARM.Collect$$$$0000000A  mc_w.l(entry8b.o)
    0x08000200   0x00000008   Code   RO         5027    .ARM.Collect$$$$0000000B  mc_w.l(entry9a.o)
    0x08000208   0x00000000   Code   RO         5029    .ARM.Collect$$$$0000000D  mc_w.l(entry10a.o)
    0x08000208   0x00000000   Code   RO         5031    .ARM.Collect$$$$0000000F  mc_w.l(entry11a.o)
    0x08000208   0x00000004   Code   RO         5020    .ARM.Collect$$$$00002712  mc_w.l(entry2.o)
    0x0800020c   0x00000024   Code   RO          765    .text               startup_stm32f767xx.o
    0x08000230   0x0000002c   Code   RO         5033    .text               mc_w.l(uidiv.o)
    0x0800025c   0x00000062   Code   RO         5035    .text               mc_w.l(uldiv.o)
    0x080002be   0x00000000   Code   RO         5037    .text               mc_w.l(iusefp.o)
    0x080002be   0x0000014e   Code   RO         5038    .text               mf_w.l(dadd.o)
    0x0800040c   0x000000e4   Code   RO         5040    .text               mf_w.l(dmul.o)
    0x080004f0   0x000000de   Code   RO         5042    .text               mf_w.l(ddiv.o)
    0x080005ce   0x00000030   Code   RO         5044    .text               mf_w.l(dfixul.o)
    0x080005fe   0x00000002   PAD
    0x08000600   0x00000030   Code   RO         5046    .text               mf_w.l(cdrcmple.o)
    0x08000630   0x00000024   Code   RO         5048    .text               mc_w.l(init.o)
    0x08000654   0x0000001e   Code   RO         5050    .text               mc_w.l(llshl.o)
    0x08000672   0x00000020   Code   RO         5052    .text               mc_w.l(llushr.o)
    0x08000692   0x00000024   Code   RO         5054    .text               mc_w.l(llsshr.o)
    0x080006b6   0x000000ba   Code   RO         5056    .text               mf_w.l(depilogue.o)
    0x08000770   0x00000002   Code   RO          298    i.BusFault_Handler  stm32f7xx_it.o
    0x08000772   0x00000002   PAD
    0x08000774   0x0000009c   Code   RO         4679    i.CAN1_Mode_Init    can.o
    0x08000810   0x0000000c   Code   RO         4680    i.CAN1_RX0_IRQHandler  can.o
    0x0800081c   0x00000054   Code   RO         4682    i.CAN1_Send_Msg     can.o
    0x08000870   0x00000110   Code   RO         4683    i.CAN_Decode        can.o
    0x08000980   0x0000011e   Code   RO         2095    i.CAN_Receive_IT    stm32f7xx_hal_can.o
    0x08000a9e   0x00000002   PAD
    0x08000aa0   0x00000088   Code   RO          574    i.Cache_Enable      sys.o
    0x08000b28   0x0000002e   Code   RO         4684    i.DCDC_CAN_Init     can.o
    0x08000b56   0x00000002   PAD
    0x08000b58   0x0000008c   Code   RO         4685    i.DCDC_CAN_Set      can.o
    0x08000be4   0x00000002   Code   RO          299    i.DebugMon_Handler  stm32f7xx_it.o
    0x08000be6   0x00000002   PAD
    0x08000be8   0x00000048   Code   RO         4024    i.FMC_NORSRAM_Extended_Timing_Init  stm32f7xx_ll_fmc.o
    0x08000c30   0x0000007c   Code   RO         4025    i.FMC_NORSRAM_Init  stm32f7xx_ll_fmc.o
    0x08000cac   0x00000064   Code   RO         4026    i.FMC_NORSRAM_Timing_Init  stm32f7xx_ll_fmc.o
    0x08000d10   0x00000188   Code   RO         3208    i.HAL_ADC_Init      stm32f7xx_hal_adc.o
    0x08000e98   0x00000070   Code   RO         4289    i.HAL_ADC_MspInit   adc.o
    0x08000f08   0x00000114   Code   RO         2096    i.HAL_CAN_ConfigFilter  stm32f7xx_hal_can.o
    0x0800101c   0x00000002   Code   RO         2098    i.HAL_CAN_ErrorCallback  stm32f7xx_hal_can.o
    0x0800101e   0x00000002   PAD
    0x08001020   0x000001c4   Code   RO         2101    i.HAL_CAN_IRQHandler  stm32f7xx_hal_can.o
    0x080011e4   0x00000160   Code   RO         2102    i.HAL_CAN_Init      stm32f7xx_hal_can.o
    0x08001344   0x00000078   Code   RO         4686    i.HAL_CAN_MspInit   can.o
    0x080013bc   0x0000005a   Code   RO         2106    i.HAL_CAN_Receive_IT  stm32f7xx_hal_can.o
    0x08001416   0x00000002   PAD
    0x08001418   0x00000030   Code   RO         4687    i.HAL_CAN_RxCpltCallback  can.o
    0x08001448   0x000001c4   Code   RO         2109    i.HAL_CAN_Transmit  stm32f7xx_hal_can.o
    0x0800160c   0x00000002   Code   RO         2111    i.HAL_CAN_TxCpltCallback  stm32f7xx_hal_can.o
    0x0800160e   0x00000024   Code   RO         1969    i.HAL_DMA_Abort_IT  stm32f7xx_hal_dma.o
    0x08001632   0x00000002   PAD
    0x08001634   0x00000244   Code   RO         1064    i.HAL_GPIO_Init     stm32f7xx_hal_gpio.o
    0x08001878   0x0000000a   Code   RO         1066    i.HAL_GPIO_ReadPin  stm32f7xx_hal_gpio.o
    0x08001882   0x00000008   Code   RO         1067    i.HAL_GPIO_TogglePin  stm32f7xx_hal_gpio.o
    0x0800188a   0x0000000a   Code   RO         1068    i.HAL_GPIO_WritePin  stm32f7xx_hal_gpio.o
    0x08001894   0x0000000c   Code   RO          789    i.HAL_GetTick       stm32f7xx_hal.o
    0x080018a0   0x00000010   Code   RO          790    i.HAL_IncTick       stm32f7xx_hal.o
    0x080018b0   0x00000024   Code   RO          791    i.HAL_Init          stm32f7xx_hal.o
    0x080018d4   0x00000028   Code   RO          792    i.HAL_InitTick      stm32f7xx_hal.o
    0x080018fc   0x00000058   Code   RO         3468    i.HAL_LTDC_ConfigLayer  stm32f7xx_hal_ltdc.o
    0x08001954   0x0000010c   Code   RO         3485    i.HAL_LTDC_Init     stm32f7xx_hal_ltdc.o
    0x08001a60   0x000000f4   Code   RO         4568    i.HAL_LTDC_MspInit  ltdc.o
    0x08001b54   0x00000058   Code   RO         3500    i.HAL_LTDC_SetWindowPosition  stm32f7xx_hal_ltdc.o
    0x08001bac   0x00000054   Code   RO         3502    i.HAL_LTDC_SetWindowSize  stm32f7xx_hal_ltdc.o
    0x08001c00   0x00000054   Code   RO          943    i.HAL_MPU_ConfigRegion  stm32f7xx_hal_cortex.o
    0x08001c54   0x00000002   Code   RO          794    i.HAL_MspInit       stm32f7xx_hal.o
    0x08001c56   0x00000018   Code   RO          946    i.HAL_NVIC_EnableIRQ  stm32f7xx_hal_cortex.o
    0x08001c6e   0x00000002   PAD
    0x08001c70   0x00000064   Code   RO          952    i.HAL_NVIC_SetPriority  stm32f7xx_hal_cortex.o
    0x08001cd4   0x00000024   Code   RO          953    i.HAL_NVIC_SetPriorityGrouping  stm32f7xx_hal_cortex.o
    0x08001cf8   0x0000007c   Code   RO         1257    i.HAL_PWREx_EnableOverDrive  stm32f7xx_hal_pwr_ex.o
    0x08001d74   0x00000758   Code   RO         1446    i.HAL_RCCEx_PeriphCLKConfig  stm32f7xx_hal_rcc_ex.o
    0x080024cc   0x00000184   Code   RO         1344    i.HAL_RCC_ClockConfig  stm32f7xx_hal_rcc.o
    0x08002650   0x00000030   Code   RO         1351    i.HAL_RCC_GetPCLK1Freq  stm32f7xx_hal_rcc.o
    0x08002680   0x00000030   Code   RO         1352    i.HAL_RCC_GetPCLK2Freq  stm32f7xx_hal_rcc.o
    0x080026b0   0x00000098   Code   RO         1353    i.HAL_RCC_GetSysClockFreq  stm32f7xx_hal_rcc.o
    0x08002748   0x000003c4   Code   RO         1447    i.HAL_RCC_OscConfig  stm32f7xx_hal_rcc_ex.o
    0x08002b0c   0x00000056   Code   RO         3744    i.HAL_SRAM_Init     stm32f7xx_hal_sram.o
    0x08002b62   0x00000002   PAD
    0x08002b64   0x0000007c   Code   RO         4332    i.HAL_SRAM_MspInit  lcd.o
    0x08002be0   0x00000016   Code   RO          955    i.HAL_SYSTICK_CLKSourceConfig  stm32f7xx_hal_cortex.o
    0x08002bf6   0x00000002   PAD
    0x08002bf8   0x0000002c   Code   RO          957    i.HAL_SYSTICK_Config  stm32f7xx_hal_cortex.o
    0x08002c24   0x00000002   Code   RO         2926    i.HAL_TIMEx_BreakCallback  stm32f7xx_hal_tim_ex.o
    0x08002c26   0x00000002   Code   RO         2927    i.HAL_TIMEx_CommutationCallback  stm32f7xx_hal_tim_ex.o
    0x08002c28   0x00000032   Code   RO         2324    i.HAL_TIM_Base_Init  stm32f7xx_hal_tim.o
    0x08002c5a   0x00000002   PAD
    0x08002c5c   0x00000064   Code   RO         4190    i.HAL_TIM_Base_MspInit  timer.o
    0x08002cc0   0x00000018   Code   RO         2329    i.HAL_TIM_Base_Start_IT  stm32f7xx_hal_tim.o
    0x08002cd8   0x00000002   Code   RO         2353    i.HAL_TIM_IC_CaptureCallback  stm32f7xx_hal_tim.o
    0x08002cda   0x00000186   Code   RO         2366    i.HAL_TIM_IRQHandler  stm32f7xx_hal_tim.o
    0x08002e60   0x00000002   Code   RO         2369    i.HAL_TIM_OC_DelayElapsedCallback  stm32f7xx_hal_tim.o
    0x08002e62   0x00000002   Code   RO         2396    i.HAL_TIM_PWM_PulseFinishedCallback  stm32f7xx_hal_tim.o
    0x08002e64   0x00000024   Code   RO         4191    i.HAL_TIM_PeriodElapsedCallback  timer.o
    0x08002e88   0x00000002   Code   RO         2407    i.HAL_TIM_TriggerCallback  stm32f7xx_hal_tim.o
    0x08002e8a   0x00000002   Code   RO         1501    i.HAL_UART_ErrorCallback  stm32f7xx_hal_uart.o
    0x08002e8c   0x0000000c   Code   RO         1503    i.HAL_UART_GetState  stm32f7xx_hal_uart.o
    0x08002e98   0x000001cc   Code   RO         1504    i.HAL_UART_IRQHandler  stm32f7xx_hal_uart.o
    0x08003064   0x0000006e   Code   RO         1505    i.HAL_UART_Init     stm32f7xx_hal_uart.o
    0x080030d2   0x00000002   PAD
    0x080030d4   0x000000f4   Code   RO          623    i.HAL_UART_MspInit  usart.o
    0x080031c8   0x000000a0   Code   RO         1510    i.HAL_UART_Receive_IT  stm32f7xx_hal_uart.o
    0x08003268   0x0000009c   Code   RO          624    i.HAL_UART_RxCpltCallback  usart.o
    0x08003304   0x00000002   Code   RO         1516    i.HAL_UART_TxCpltCallback  stm32f7xx_hal_uart.o
    0x08003306   0x00000002   Code   RO          300    i.HardFault_Handler  stm32f7xx_it.o
    0x08003308   0x000001a8   Code   RO         4333    i.LCD_Auto_Placement  lcd.o
    0x080034b0   0x00000104   Code   RO         4339    i.LCD_Display_Dir   lcd.o
    0x080035b4   0x00000140   Code   RO         4344    i.LCD_FLOAT_Show    lcd.o
    0x080036f4   0x00000260   Code   RO         4345    i.LCD_Fast_DrawPoint  lcd.o
    0x08003954   0x00004a4c   Code   RO         4347    i.LCD_Init          lcd.o
    0x080083a0   0x0000006c   Code   RO         4348    i.LCD_MPU_Config    lcd.o
    0x0800840c   0x00000004   PAD
    0x08008410   0x000000c0   Code   RO         4353    i.LCD_SSD_BackLightSet  lcd.o
    0x080084d0   0x0000031c   Code   RO         4354    i.LCD_Scan_Dir      lcd.o
    0x080087ec   0x000002bc   Code   RO         4355    i.LCD_SetCursor     lcd.o
    0x08008aa8   0x0000011c   Code   RO         4357    i.LCD_ShowChar      lcd.o
    0x08008bc4   0x00000062   Code   RO         4359    i.LCD_ShowString    lcd.o
    0x08008c26   0x00000002   PAD
    0x08008c28   0x000000b8   Code   RO         4360    i.LCD_ShowxNum      lcd.o
    0x08008ce0   0x0000004c   Code   RO         4166    i.LED_Init          led.o
    0x08008d2c   0x00000020   Code   RO         4569    i.LTDC_Clear        ltdc.o
    0x08008d4c   0x00000028   Code   RO         4572    i.LTDC_Display_Dir  ltdc.o
    0x08008d74   0x00000044   Code   RO         4573    i.LTDC_Draw_Point   ltdc.o
    0x08008db8   0x000000b8   Code   RO         4574    i.LTDC_Fill         ltdc.o
    0x08008e70   0x000001f4   Code   RO         4575    i.LTDC_Init         ltdc.o
    0x08009064   0x00000060   Code   RO         4576    i.LTDC_Layer_Parameter_Config  ltdc.o
    0x080090c4   0x000000bc   Code   RO         4579    i.LTDC_PanelID_Read  ltdc.o
    0x08009180   0x000001ce   Code   RO         3504    i.LTDC_SetConfig    stm32f7xx_hal_ltdc.o
    0x0800934e   0x00000002   PAD
    0x08009350   0x0000003c   Code   RO         4290    i.MY_ADC_Init       adc.o
    0x0800938c   0x00000002   Code   RO          301    i.MemManage_Handler  stm32f7xx_it.o
    0x0800938e   0x00000002   Code   RO          302    i.NMI_Handler       stm32f7xx_it.o
    0x08009390   0x00000002   Code   RO          303    i.PendSV_Handler    stm32f7xx_it.o
    0x08009392   0x00000002   PAD
    0x08009394   0x00000084   Code   RO         4257    i.SPI_Init          spi.o
    0x08009418   0x00000002   Code   RO          304    i.SVC_Handler       stm32f7xx_it.o
    0x0800941a   0x00000002   PAD
    0x0800941c   0x000000a0   Code   RO          577    i.Stm32_Clock_Init  sys.o
    0x080094bc   0x00000004   Code   RO          305    i.SysTick_Handler   stm32f7xx_it.o
    0x080094c0   0x00000058   Code   RO          377    i.SystemInit        system_stm32f7xx.o
    0x08009518   0x0000000c   Code   RO         4192    i.TIM2_IRQHandler   timer.o
    0x08009524   0x0000000c   Code   RO         4194    i.TIM3_IRQHandler   timer.o
    0x08009530   0x0000002c   Code   RO         4195    i.TIM3_Init         timer.o
    0x0800955c   0x000000c8   Code   RO         2408    i.TIM_Base_SetConfig  stm32f7xx_hal_tim.o
    0x08009624   0x000000da   Code   RO         1518    i.UART_AdvFeatureConfig  stm32f7xx_hal_uart.o
    0x080096fe   0x00000060   Code   RO         1519    i.UART_CheckIdleState  stm32f7xx_hal_uart.o
    0x0800975e   0x00000014   Code   RO         1520    i.UART_DMAAbortOnError  stm32f7xx_hal_uart.o
    0x08009772   0x00000082   Code   RO         1526    i.UART_Receive_IT   stm32f7xx_hal_uart.o
    0x080097f4   0x000002a8   Code   RO         1527    i.UART_SetConfig    stm32f7xx_hal_uart.o
    0x08009a9c   0x00000074   Code   RO         1528    i.UART_WaitOnFlagUntilTimeout  stm32f7xx_hal_uart.o
    0x08009b10   0x0000005c   Code   RO          625    i.USART1_IRQHandler  usart.o
    0x08009b6c   0x0000005c   Code   RO          626    i.USART2_IRQHandler  usart.o
    0x08009bc8   0x00000002   Code   RO          306    i.UsageFault_Handler  stm32f7xx_it.o
    0x08009bca   0x00000002   PAD
    0x08009bcc   0x00000020   Code   RO         4991    i.__0printf         mc_w.l(printfa.o)
    0x08009bec   0x0000000e   Code   RO         5060    i.__scatterload_copy  mc_w.l(handlers.o)
    0x08009bfa   0x00000002   Code   RO         5061    i.__scatterload_null  mc_w.l(handlers.o)
    0x08009bfc   0x0000000e   Code   RO         5062    i.__scatterload_zeroinit  mc_w.l(handlers.o)
    0x08009c0a   0x00000002   PAD
    0x08009c0c   0x00000184   Code   RO         4998    i._fp_digits        mc_w.l(printfa.o)
    0x08009d90   0x000006dc   Code   RO         4999    i._printf_core      mc_w.l(printfa.o)
    0x0800a46c   0x00000024   Code   RO         5000    i._printf_post_padding  mc_w.l(printfa.o)
    0x0800a490   0x0000002e   Code   RO         5001    i._printf_pre_padding  mc_w.l(printfa.o)
    0x0800a4be   0x00000002   PAD
    0x0800a4c0   0x00000014   Code   RO          535    i.delay_init        delay.o
    0x0800a4d4   0x0000004c   Code   RO          536    i.delay_ms          delay.o
    0x0800a520   0x00000034   Code   RO          537    i.delay_us          delay.o
    0x0800a554   0x00000014   Code   RO          628    i.fputc             usart.o
    0x0800a568   0x000002b4   Code   RO            4    i.main              main.o
    0x0800a81c   0x0000003c   Code   RO          629    i.uart2_init        usart.o
    0x0800a858   0x00000038   Code   RO          630    i.uart_init         usart.o
    0x0800a890   0x00000010   Data   RO          378    .constdata          system_stm32f7xx.o
    0x0800a8a0   0x00000008   Data   RO          379    .constdata          system_stm32f7xx.o
    0x0800a8a8   0x00004740   Data   RO         4368    .constdata          lcd.o
    0x0800efe8   0x00000020   Data   RO         5058    Region$$Table       anon$$obj.o


    Execution Region RW_IRAM1 (Base: 0x20020000, Size: 0x000008a8, Max: 0x00060000, ABSOLUTE)

    Base Addr    Size         Type   Attr      Idx    E Section Name        Object

    0x20020000   0x00000004   Data   RW          380    .data               system_stm32f7xx.o
    0x20020004   0x00000004   Data   RW          538    .data               delay.o
    0x20020008   0x0000000e   Data   RW          632    .data               usart.o
    0x20020016   0x00000002   PAD
    0x20020018   0x00000004   Data   RW          634    .data               usart.o
    0x2002001c   0x00000004   Data   RW          797    .data               stm32f7xx_hal.o
    0x20020020   0x00000002   Data   RW         4198    .data               timer.o
    0x20020022   0x00000002   PAD
    0x20020024   0x00000008   Data   RW         4369    .data               lcd.o
    0x2002002c   0x00000008   Data   RW         4586    .data               ltdc.o
    0x20020034   0x00000001   Data   RW         4689    .data               can.o
    0x20020035   0x00000003   PAD
    0x20020038   0x000001a8   Zero   RW          631    .bss                usart.o
    0x200201e0   0x000000b4   Zero   RW         4197    .bss                timer.o
    0x20020294   0x00000058   Zero   RW         4291    .bss                adc.o
    0x200202ec   0x0000005a   Zero   RW         4367    .bss                lcd.o
    0x20020346   0x00000002   PAD
    0x20020348   0x000000c8   Zero   RW         4584    .bss                ltdc.o
    0x20020410   0x00000098   Zero   RW         4688    .bss                can.o
    0x200204a8   0x00000400   Zero   RW          762    STACK               startup_stm32f767xx.o



  Load Region LR$$.ARM.__AT_0xC0000000 (Base: 0xc0000000, Size: 0x00000000, Max: 0x001f4000, ABSOLUTE)

    Execution Region ER$$.ARM.__AT_0xC0000000 (Base: 0xc0000000, Size: 0x001f4000, Max: 0x001f4000, ABSOLUTE, UNINIT)

    Base Addr    Size         Type   Attr      Idx    E Section Name        Object

    0xc0000000   0x001f4000   Zero   RW         4583    .ARM.__AT_0xC0000000  ltdc.o


==============================================================================

Image component sizes


      Code (inc. data)   RO Data    RW Data    ZI Data      Debug   Object Name

       172         30          0          0         88       1798   adc.o
       878        134          0          1        152       6929   can.o
       148         16          0          4          0       2523   delay.o
     23118        368      18240          8         90     101291   lcd.o
        76          8          0          0          0        831   led.o
      1352        118          0          8    2048200       8590   ltdc.o
       692         68          0          0          0     486855   main.o
       132         12          0          0          0        959   spi.o
        36          8        504          0       1024        812   startup_stm32f767xx.o
       106         22          0          4          0       3613   stm32f7xx_hal.o
       392         14          0          0          0       1371   stm32f7xx_hal_adc.o
      1912         38          0          0          0       7568   stm32f7xx_hal_can.o
       310         22          0          0          0      36360   stm32f7xx_hal_cortex.o
        36          0          0          0          0       1519   stm32f7xx_hal_dma.o
       608         16          0          0          0       3848   stm32f7xx_hal_gpio.o
       990          6          0          0          0       4593   stm32f7xx_hal_ltdc.o
       124         10          0          0          0       1264   stm32f7xx_hal_pwr_ex.o
       636         64          0          0          0       3754   stm32f7xx_hal_rcc.o
      2844         62          0          0          0       4116   stm32f7xx_hal_rcc_ex.o
        86          0          0          0          0       1200   stm32f7xx_hal_sram.o
       672         20          0          0          0       7399   stm32f7xx_hal_tim.o
         4          0          0          0          0       1866   stm32f7xx_hal_tim_ex.o
      2006         42          0          0          0      10432   stm32f7xx_hal_uart.o
        20          0          0          0          0       3854   stm32f7xx_it.o
       296         12          0          0          0       2812   stm32f7xx_ll_fmc.o
       296         28          0          0          0      33441   sys.o
        88         24         24          4          0       1039   system_stm32f7xx.o
       204         40          0          2        180       3360   timer.o
       720         88          0         18        424       6786   usart.o

    ----------------------------------------------------------------------
     38992       1274      18800         56    2050160     750783   Object Totals
         0          0         32          0          0          0   (incl. Generated)
        38          4          0          7          2          0   (incl. Padding)

    ----------------------------------------------------------------------

      Code (inc. data)   RO Data    RW Data    ZI Data      Debug   Library Member Name

         0          0          0          0          0          0   entry.o
         0          0          0          0          0          0   entry10a.o
         0          0          0          0          0          0   entry11a.o
         8          4          0          0          0          0   entry2.o
         4          0          0          0          0          0   entry5.o
         0          0          0          0          0          0   entry7b.o
         0          0          0          0          0          0   entry8b.o
         8          4          0          0          0          0   entry9a.o
        30          0          0          0          0          0   handlers.o
        36          8          0          0          0         68   init.o
         0          0          0          0          0          0   iusefp.o
        30          0          0          0          0         68   llshl.o
        36          0          0          0          0         68   llsshr.o
        32          0          0          0          0         68   llushr.o
      2258         90          0          0          0        452   printfa.o
        44          0          0          0          0         80   uidiv.o
        98          0          0          0          0         92   uldiv.o
        48          0          0          0          0         68   cdrcmple.o
       334          0          0          0          0        148   dadd.o
       222          0          0          0          0        100   ddiv.o
       186          0          0          0          0        176   depilogue.o
        48          0          0          0          0         68   dfixul.o
       228          0          0          0          0         96   dmul.o

    ----------------------------------------------------------------------
      3656        106          0          0          0       1552   Library Totals
         6          0          0          0          0          0   (incl. Padding)

    ----------------------------------------------------------------------

      Code (inc. data)   RO Data    RW Data    ZI Data      Debug   Library Name

      2584        106          0          0          0        896   mc_w.l
      1066          0          0          0          0        656   mf_w.l

    ----------------------------------------------------------------------
      3656        106          0          0          0       1552   Library Totals

    ----------------------------------------------------------------------

==============================================================================


      Code (inc. data)   RO Data    RW Data    ZI Data      Debug   

     42648       1380      18800         56    2050160     740059   Grand Totals
     42648       1380      18800         56    2050160     740059   ELF Image Totals
     42648       1380      18800         56          0          0   ROM Totals

==============================================================================

    Total RO  Size (Code + RO Data)                61448 (  60.01kB)
    Total RW  Size (RW Data + ZI Data)           2050216 (2002.16kB)
    Total ROM Size (Code + RO Data + RW Data)      61504 (  60.06kB)

==============================================================================

